Component: ARM Compiler 5.06 update 6 (build 750) Tool: armlink [4d35ed]

==============================================================================

Section Cross References

    startup_stm32f407xx.o(RESET) refers to startup_stm32f407xx.o(STACK) for __initial_sp
    startup_stm32f407xx.o(RESET) refers to startup_stm32f407xx.o(.text) for Reset_Handler
    startup_stm32f407xx.o(RESET) refers to stm32f4xx_it.o(i.NMI_Handler) for NMI_Handler
    startup_stm32f407xx.o(RESET) refers to stm32f4xx_it.o(i.HardFault_Handler) for HardFault_Handler
    startup_stm32f407xx.o(RESET) refers to stm32f4xx_it.o(i.MemManage_Handler) for MemManage_Handler
    startup_stm32f407xx.o(RESET) refers to stm32f4xx_it.o(i.BusFault_Handler) for BusFault_Handler
    startup_stm32f407xx.o(RESET) refers to stm32f4xx_it.o(i.UsageFault_Handler) for UsageFault_Handler
    startup_stm32f407xx.o(RESET) refers to stm32f4xx_it.o(i.SVC_Handler) for SVC_Handler
    startup_stm32f407xx.o(RESET) refers to stm32f4xx_it.o(i.DebugMon_Handler) for DebugMon_Handler
    startup_stm32f407xx.o(RESET) refers to stm32f4xx_it.o(i.PendSV_Handler) for PendSV_Handler
    startup_stm32f407xx.o(RESET) refers to stm32f4xx_it.o(i.SysTick_Handler) for SysTick_Handler
    startup_stm32f407xx.o(RESET) refers to stm32f4xx_it.o(i.SPI1_IRQHandler) for SPI1_IRQHandler
    startup_stm32f407xx.o(RESET) refers to stm32f4xx_it.o(i.OTG_FS_IRQHandler) for OTG_FS_IRQHandler
    startup_stm32f407xx.o(.text) refers to system_stm32f4xx.o(i.SystemInit) for SystemInit
    startup_stm32f407xx.o(.text) refers to entry.o(.ARM.Collect$$$$00000000) for __main
    main.o(i.SystemClock_Config) refers to memseta.o(.text) for __aeabi_memclr4
    main.o(i.SystemClock_Config) refers to stm32f4xx_hal_rcc.o(i.HAL_RCC_OscConfig) for HAL_RCC_OscConfig
    main.o(i.SystemClock_Config) refers to stm32f4xx_hal_rcc.o(i.HAL_RCC_ClockConfig) for HAL_RCC_ClockConfig
    main.o(i.main) refers to stm32f4xx_hal.o(i.HAL_Init) for HAL_Init
    main.o(i.main) refers to main.o(i.SystemClock_Config) for SystemClock_Config
    main.o(i.main) refers to gpio.o(i.MX_GPIO_Init) for MX_GPIO_Init
    main.o(i.main) refers to spi.o(i.MX_SPI1_Init) for MX_SPI1_Init
    main.o(i.main) refers to usb_device.o(i.MX_USB_DEVICE_Init) for MX_USB_DEVICE_Init
    gpio.o(i.MX_GPIO_Init) refers to memseta.o(.text) for __aeabi_memclr4
    gpio.o(i.MX_GPIO_Init) refers to stm32f4xx_hal_gpio.o(i.HAL_GPIO_WritePin) for HAL_GPIO_WritePin
    gpio.o(i.MX_GPIO_Init) refers to stm32f4xx_hal_gpio.o(i.HAL_GPIO_Init) for HAL_GPIO_Init
    spi.o(i.HAL_SPI_MspDeInit) refers to stm32f4xx_hal_gpio.o(i.HAL_GPIO_DeInit) for HAL_GPIO_DeInit
    spi.o(i.HAL_SPI_MspDeInit) refers to stm32f4xx_hal_cortex.o(i.HAL_NVIC_DisableIRQ) for HAL_NVIC_DisableIRQ
    spi.o(i.HAL_SPI_MspInit) refers to memseta.o(.text) for __aeabi_memclr4
    spi.o(i.HAL_SPI_MspInit) refers to stm32f4xx_hal_gpio.o(i.HAL_GPIO_Init) for HAL_GPIO_Init
    spi.o(i.HAL_SPI_MspInit) refers to stm32f4xx_hal_cortex.o(i.HAL_NVIC_SetPriority) for HAL_NVIC_SetPriority
    spi.o(i.HAL_SPI_MspInit) refers to stm32f4xx_hal_cortex.o(i.HAL_NVIC_EnableIRQ) for HAL_NVIC_EnableIRQ
    spi.o(i.MX_SPI1_Init) refers to stm32f4xx_hal_spi.o(i.HAL_SPI_Init) for HAL_SPI_Init
    spi.o(i.MX_SPI1_Init) refers to main.o(i.Error_Handler) for Error_Handler
    spi.o(i.MX_SPI1_Init) refers to spi.o(.bss) for .bss
    stm32f4xx_it.o(i.OTG_FS_IRQHandler) refers to stm32f4xx_hal_pcd.o(i.HAL_PCD_IRQHandler) for HAL_PCD_IRQHandler
    stm32f4xx_it.o(i.OTG_FS_IRQHandler) refers to usbd_conf.o(.bss) for hpcd_USB_OTG_FS
    stm32f4xx_it.o(i.SPI1_IRQHandler) refers to stm32f4xx_hal_spi.o(i.HAL_SPI_IRQHandler) for HAL_SPI_IRQHandler
    stm32f4xx_it.o(i.SPI1_IRQHandler) refers to spi.o(.bss) for hspi1
    stm32f4xx_it.o(i.SysTick_Handler) refers to stm32f4xx_hal.o(i.HAL_IncTick) for HAL_IncTick
    usb_device.o(i.MX_USB_DEVICE_Init) refers to usbd_core.o(i.USBD_Init) for USBD_Init
    usb_device.o(i.MX_USB_DEVICE_Init) refers to main.o(i.Error_Handler) for Error_Handler
    usb_device.o(i.MX_USB_DEVICE_Init) refers to usbd_core.o(i.USBD_RegisterClass) for USBD_RegisterClass
    usb_device.o(i.MX_USB_DEVICE_Init) refers to usbd_msc.o(i.USBD_MSC_RegisterStorage) for USBD_MSC_RegisterStorage
    usb_device.o(i.MX_USB_DEVICE_Init) refers to usbd_core.o(i.USBD_Start) for USBD_Start
    usb_device.o(i.MX_USB_DEVICE_Init) refers to usbd_desc.o(.data) for FS_Desc
    usb_device.o(i.MX_USB_DEVICE_Init) refers to usb_device.o(.bss) for .bss
    usb_device.o(i.MX_USB_DEVICE_Init) refers to usbd_msc.o(.data) for USBD_MSC
    usb_device.o(i.MX_USB_DEVICE_Init) refers to usbd_storage_if.o(.data) for USBD_Storage_Interface_fops_FS
    usbd_desc.o(i.USBD_FS_ConfigStrDescriptor) refers to usbd_ctlreq.o(i.USBD_GetString) for USBD_GetString
    usbd_desc.o(i.USBD_FS_ConfigStrDescriptor) refers to usbd_desc.o(.bss) for .bss
    usbd_desc.o(i.USBD_FS_DeviceDescriptor) refers to usbd_desc.o(.data) for .data
[...]
    i.DebugMon_Handler                       0x08000324   Section        0  stm32f4xx_it.o(i.DebugMon_Handler)
    i.Error_Handler                          0x08000326   Section        0  main.o(i.Error_Handler)
    i.HAL_DMA_Abort_IT                       0x08000328   Section        0  stm32f4xx_hal_dma.o(i.HAL_DMA_Abort_IT)
    i.HAL_Delay                              0x0800034c   Section        0  stm32f4xx_hal.o(i.HAL_Delay)
    i.HAL_GPIO_Init                          0x08000370   Section        0  stm32f4xx_hal_gpio.o(i.HAL_GPIO_Init)
    i.HAL_GPIO_WritePin                      0x08000528   Section        0  stm32f4xx_hal_gpio.o(i.HAL_GPIO_WritePin)
    i.HAL_GetTick                            0x08000534   Section        0  stm32f4xx_hal.o(i.HAL_GetTick)
    i.HAL_IncTick                            0x08000540   Section        0  stm32f4xx_hal.o(i.HAL_IncTick)
    i.HAL_Init                               0x08000550   Section        0  stm32f4xx_hal.o(i.HAL_Init)
    i.HAL_InitTick                           0x08000584   Section        0  stm32f4xx_hal.o(i.HAL_InitTick)
    i.HAL_MspInit                            0x080005c4   Section        0  stm32f4xx_hal_msp.o(i.HAL_MspInit)
    i.HAL_NVIC_EnableIRQ                     0x080005f4   Section        0  stm32f4xx_hal_cortex.o(i.HAL_NVIC_EnableIRQ)
    i.HAL_NVIC_SetPriority                   0x08000610   Section        0  stm32f4xx_hal_cortex.o(i.HAL_NVIC_SetPriority)
    i.HAL_NVIC_SetPriorityGrouping           0x08000650   Section        0  stm32f4xx_hal_cortex.o(i.HAL_NVIC_SetPriorityGrouping)
    i.HAL_PCDEx_LPM_Callback                 0x08000674   Section        0  stm32f4xx_hal_pcd_ex.o(i.HAL_PCDEx_LPM_Callback)
    i.HAL_PCDEx_SetRxFiFo                    0x08000676   Section        0  stm32f4xx_hal_pcd_ex.o(i.HAL_PCDEx_SetRxFiFo)
    i.HAL_PCDEx_SetTxFiFo                    0x0800067e   Section        0  stm32f4xx_hal_pcd_ex.o(i.HAL_PCDEx_SetTxFiFo)
    i.HAL_PCD_ConnectCallback                0x080006c2   Section        0  usbd_conf.o(i.HAL_PCD_ConnectCallback)
    i.HAL_PCD_DataInStageCallback            0x080006ca   Section        0  usbd_conf.o(i.HAL_PCD_DataInStageCallback)
    i.HAL_PCD_DataOutStageCallback           0x080006dc   Section        0  usbd_conf.o(i.HAL_PCD_DataOutStageCallback)
    i.HAL_PCD_DisconnectCallback             0x080006f0   Section        0  usbd_conf.o(i.HAL_PCD_DisconnectCallback)
    i.HAL_PCD_EP_Close                       0x080006f8   Section        0  stm32f4xx_hal_pcd.o(i.HAL_PCD_EP_Close)
    i.HAL_PCD_EP_ClrStall                    0x08000744   Section        0  stm32f4xx_hal_pcd.o(i.HAL_PCD_EP_ClrStall)
    i.HAL_PCD_EP_Flush                       0x080007a0   Section        0  stm32f4xx_hal_pcd.o(i.HAL_PCD_EP_Flush)
    i.HAL_PCD_EP_GetRxCount                  0x080007d4   Section        0  stm32f4xx_hal_pcd.o(i.HAL_PCD_EP_GetRxCount)
    i.HAL_PCD_EP_Open                        0x080007e6   Section        0  stm32f4xx_hal_pcd.o(i.HAL_PCD_EP_Open)
    i.HAL_PCD_EP_Receive                     0x08000846   Section        0  stm32f4xx_hal_pcd.o(i.HAL_PCD_EP_Receive)
    i.HAL_PCD_EP_SetStall                    0x0800088e   Section        0  stm32f4xx_hal_pcd.o(i.HAL_PCD_EP_SetStall)
    i.HAL_PCD_EP_Transmit                    0x08000902   Section        0  stm32f4xx_hal_pcd.o(i.HAL_PCD_EP_Transmit)
    i.HAL_PCD_IRQHandler                     0x08000944   Section        0  stm32f4xx_hal_pcd.o(i.HAL_PCD_IRQHandler)
    i.HAL_PCD_ISOINIncompleteCallback        0x08000d78   Section        0  usbd_conf.o(i.HAL_PCD_ISOINIncompleteCallback)
    i.HAL_PCD_ISOOUTIncompleteCallback       0x08000d80   Section        0  usbd_conf.o(i.HAL_PCD_ISOOUTIncompleteCallback)
    i.HAL_PCD_Init                           0x08000d88   Section        0  stm32f4xx_hal_pcd.o(i.HAL_PCD_Init)
    i.HAL_PCD_MspInit                        0x08000e6c   Section        0  usbd_conf.o(i.HAL_PCD_MspInit)
    i.HAL_PCD_ResetCallback                  0x08000ef0   Section        0  usbd_conf.o(i.HAL_PCD_ResetCallback)
    i.HAL_PCD_ResumeCallback                 0x08000f1c   Section        0  usbd_conf.o(i.HAL_PCD_ResumeCallback)
    i.HAL_PCD_SOFCallback                    0x08000f24   Section        0  usbd_conf.o(i.HAL_PCD_SOFCallback)
    i.HAL_PCD_SetAddress                     0x08000f2c   Section        0  stm32f4xx_hal_pcd.o(i.HAL_PCD_SetAddress)
    i.HAL_PCD_SetupStageCallback             0x08000f54   Section        0  usbd_conf.o(i.HAL_PCD_SetupStageCallback)
    i.HAL_PCD_Start                          0x08000f62   Section        0  stm32f4xx_hal_pcd.o(i.HAL_PCD_Start)
    i.HAL_PCD_SuspendCallback                0x08000fa4   Section        0  usbd_conf.o(i.HAL_PCD_SuspendCallback)
    i.HAL_RCC_ClockConfig                    0x08000fd4   Section        0  stm32f4xx_hal_rcc.o(i.HAL_RCC_ClockConfig)
    i.HAL_RCC_GetHCLKFreq                    0x08001108   Section        0  stm32f4xx_hal_rcc.o(i.HAL_RCC_GetHCLKFreq)
    i.HAL_RCC_GetSysClockFreq                0x08001114   Section        0  stm32f4xx_hal_rcc.o(i.HAL_RCC_GetSysClockFreq)
    i.HAL_RCC_OscConfig                      0x08001174   Section        0  stm32f4xx_hal_rcc.o(i.HAL_RCC_OscConfig)
    i.HAL_SPI_ErrorCallback                  0x080014d0   Section        0  stm32f4xx_hal_spi.o(i.HAL_SPI_ErrorCallback)
    i.HAL_SPI_IRQHandler                     0x080014d4   Section        0  stm32f4xx_hal_spi.o(i.HAL_SPI_IRQHandler)
    i.HAL_SPI_Init                           0x080015d0   Section        0  stm32f4xx_hal_spi.o(i.HAL_SPI_Init)
    i.HAL_SPI_MspInit                        0x08001650   Section        0  spi.o(i.HAL_SPI_MspInit)
    i.HAL_SYSTICK_Config                     0x080016c8   Section        0  stm32f4xx_hal_cortex.o(i.HAL_SYSTICK_Config)
    i.HardFault_Handler                      0x080016f0   Section        0  stm32f4xx_it.o(i.HardFault_Handler)
    i.IntToUnicode                           0x080016f4   Section        0  usbd_desc.o(i.IntToUnicode)
    IntToUnicode                             0x080016f5   Thumb Code    56  usbd_desc.o(i.IntToUnicode)
    i.MSC_BOT_Abort                          0x0800172c   Section        0  usbd_msc_bot.o(i.MSC_BOT_Abort)
    MSC_BOT_Abort                            0x0800172d   Thumb Code    68  usbd_msc_bot.o(i.MSC_BOT_Abort)
    i.MSC_BOT_CBW_Decode                     0x08001770   Section        0  usbd_msc_bot.o(i.MSC_BOT_CBW_Decode)
    MSC_BOT_CBW_Decode                       0x08001771   Thumb Code   198  usbd_msc_bot.o(i.MSC_BOT_CBW_Decode)
    i.MSC_BOT_CplClrFeature                  0x0800183c   Section        0  usbd_msc_bot.o(i.MSC_BOT_CplClrFeature)
    i.MSC_BOT_DataIn                         0x08001874   Section        0  usbd_msc_bot.o(i.MSC_BOT_DataIn)
    i.MSC_BOT_DataOut                        0x080018ae   Section        0  usbd_msc_bot.o(i.MSC_BOT_DataOut)
    i.MSC_BOT_DeInit                         0x080018e8   Section        0  usbd_msc_bot.o(i.MSC_BOT_DeInit)
    i.MSC_BOT_Init                           0x080018f2   Section        0  usbd_msc_bot.o(i.MSC_BOT_Init)
    i.MSC_BOT_Reset                          0x08001938   Section        0  usbd_msc_bot.o(i.MSC_BOT_Reset)
    i.MSC_BOT_SendCSW                        0x0800196c   Section        0  usbd_msc_bot.o(i.MSC_BOT_SendCSW)
    i.MX_GPIO_Init                           0x080019a8   Section        0  gpio.o(i.MX_GPIO_Init)
    i.MX_SPI1_Init                           0x08001a14   Section        0  spi.o(i.MX_SPI1_Init)
    i.MX_USB_DEVICE_Init                     0x08001a58   Section        0  usb_device.o(i.MX_USB_DEVICE_Init)
    i.MemManage_Handler                      0x08001aac   Section        0  stm32f4xx_it.o(i.MemManage_Handler)
    i.NMI_Handler                            0x08001aae   Section        0  stm32f4xx_it.o(i.NMI_Handler)
    i.OTG_FS_IRQHandler                      0x08001ab0   Section        0  stm32f4xx_it.o(i.OTG_FS_IRQHandler)
    i.PCD_EP_OutXfrComplete_int              0x08001abc   Section        0  stm32f4xx_hal_pcd.o(i.PCD_EP_OutXfrComplete_int)
    PCD_EP_OutXfrComplete_int                0x08001abd   Thumb Code   196  stm32f4xx_hal_pcd.o(i.PCD_EP_OutXfrComplete_int)
    i.PCD_WriteEmptyTxFifo                   0x08001b88   Section        0  stm32f4xx_hal_pcd.o(i.PCD_WriteEmptyTxFifo)
    PCD_WriteEmptyTxFifo                     0x08001b89   Thumb Code   162  stm32f4xx_hal_pcd.o(i.PCD_WriteEmptyTxFifo)
    i.PendSV_Handler                         0x08001c2a   Section        0  stm32f4xx_it.o(i.PendSV_Handler)
    i.SCSI_CheckAddressRange                 0x08001c2c   Section        0  usbd_msc_scsi.o(i.SCSI_CheckAddressRange)
    SCSI_CheckAddressRange                   0x08001c2d   Thumb Code    34  usbd_msc_scsi.o(i.SCSI_CheckAddressRange)
    i.SCSI_Inquiry                           0x08001c50   Section        0  usbd_msc_scsi.o(i.SCSI_Inquiry)
    SCSI_Inquiry                             0x08001c51   Thumb Code   106  usbd_msc_scsi.o(i.SCSI_Inquiry)
    i.SCSI_ProcessCmd                        0x08001cc4   Section        0  usbd_msc_scsi.o(i.SCSI_ProcessCmd)
    i.SCSI_ProcessRead                       0x08001e64   Section        0  usbd_msc_scsi.o(i.SCSI_ProcessRead)
    SCSI_ProcessRead                         0x08001e65   Thumb Code   150  usbd_msc_scsi.o(i.SCSI_ProcessRead)
    i.SCSI_ProcessWrite                      0x08001efa   Section        0  usbd_msc_scsi.o(i.SCSI_ProcessWrite)
    SCSI_ProcessWrite                        0x08001efb   Thumb Code   162  usbd_msc_scsi.o(i.SCSI_ProcessWrite)
    i.SCSI_Read10                            0x08001f9c   Section        0  usbd_msc_scsi.o(i.SCSI_Read10)
    SCSI_Read10                              0x08001f9d   Thumb Code   168  usbd_msc_scsi.o(i.SCSI_Read10)
    i.SCSI_Read12                            0x08002044   Section        0  usbd_msc_scsi.o(i.SCSI_Read12)
    SCSI_Read12                              0x08002045   Thumb Code   174  usbd_msc_scsi.o(i.SCSI_Read12)
    i.SCSI_ReadCapacity10                    0x080020f2   Section        0  usbd_msc_scsi.o(i.SCSI_ReadCapacity10)
    SCSI_ReadCapacity10                      0x080020f3   Thumb Code    94  usbd_msc_scsi.o(i.SCSI_ReadCapacity10)
    i.SCSI_ReadCapacity16                    0x08002150   Section        0  usbd_msc_scsi.o(i.SCSI_ReadCapacity16)
    SCSI_ReadCapacity16                      0x08002151   Thumb Code   146  usbd_msc_scsi.o(i.SCSI_ReadCapacity16)
    i.SCSI_ReadFormatCapacity                0x080021e2   Section        0  usbd_msc_scsi.o(i.SCSI_ReadFormatCapacity)
    SCSI_ReadFormatCapacity                  0x080021e3   Thumb Code   110  usbd_msc_scsi.o(i.SCSI_ReadFormatCapacity)
    i.SCSI_RequestSense                      0x08002250   Section        0  usbd_msc_scsi.o(i.SCSI_RequestSense)
    SCSI_RequestSense                        0x08002251   Thumb Code   122  usbd_msc_scsi.o(i.SCSI_RequestSense)
    i.SCSI_SenseCode                         0x080022ca   Section        0  usbd_msc_scsi.o(i.SCSI_SenseCode)
    i.SCSI_UpdateBotData                     0x0800230a   Section        0  usbd_msc_scsi.o(i.SCSI_UpdateBotData)
    SCSI_UpdateBotData                       0x0800230b   Thumb Code    24  usbd_msc_scsi.o(i.SCSI_UpdateBotData)
    i.SCSI_Write10                           0x08002322   Section        0  usbd_msc_scsi.o(i.SCSI_Write10)
    SCSI_Write10                             0x08002323   Thumb Code   196  usbd_msc_scsi.o(i.SCSI_Write10)
    i.SCSI_Write12                           0x080023e6   Section        0  usbd_msc_scsi.o(i.SCSI_Write12)
    SCSI_Write12                             0x080023e7   Thumb Code   208  usbd_msc_scsi.o(i.SCSI_Write12)
    i.SPI1_IRQHandler                        0x080024b8   Section        0  stm32f4xx_it.o(i.SPI1_IRQHandler)
    i.SPI_DMAAbortOnError                    0x080024c4   Section        0  stm32f4xx_hal_spi.o(i.SPI_DMAAbortOnError)
    SPI_DMAAbortOnError                      0x080024c5   Thumb Code    16  stm32f4xx_hal_spi.o(i.SPI_DMAAbortOnError)
    i.STORAGE_GetCapacity_FS                 0x080024d4   Section        0  usbd_storage_if.o(i.STORAGE_GetCapacity_FS)
    STORAGE_GetCapacity_FS                   0x080024d5   Thumb Code    14  usbd_storage_if.o(i.STORAGE_GetCapacity_FS)
    i.STORAGE_GetMaxLun_FS                   0x080024e2   Section        0  usbd_storage_if.o(i.STORAGE_GetMaxLun_FS)
    STORAGE_GetMaxLun_FS                     0x080024e3   Thumb Code     4  usbd_storage_if.o(i.STORAGE_GetMaxLun_FS)
    i.STORAGE_Init_FS                        0x080024e6   Section        0  usbd_storage_if.o(i.STORAGE_Init_FS)
    STORAGE_Init_FS                          0x080024e7   Thumb Code     4  usbd_storage_if.o(i.STORAGE_Init_FS)
    i.STORAGE_IsReady_FS                     0x080024ea   Section        0  usbd_storage_if.o(i.STORAGE_IsReady_FS)
    STORAGE_IsReady_FS                       0x080024eb   Thumb Code     4  usbd_storage_if.o(i.STORAGE_IsReady_FS)
    i.STORAGE_IsWriteProtected_FS            0x080024ee   Section        0  usbd_storage_if.o(i.STORAGE_IsWriteProtected_FS)
    STORAGE_IsWriteProtected_FS              0x080024ef   Thumb Code     4  usbd_storage_if.o(i.STORAGE_IsWriteProtected_FS)
    i.STORAGE_Read_FS                        0x080024f2   Section        0  usbd_storage_if.o(i.STORAGE_Read_FS)
    STORAGE_Read_FS                          0x080024f3   Thumb Code     4  usbd_storage_if.o(i.STORAGE_Read_FS)
    i.STORAGE_Write_FS                       0x080024f6   Section        0  usbd_storage_if.o(i.STORAGE_Write_FS)
    STORAGE_Write_FS                         0x080024f7   Thumb Code     4  usbd_storage_if.o(i.STORAGE_Write_FS)
    i.SVC_Handler                            0x080024fa   Section        0  stm32f4xx_it.o(i.SVC_Handler)
    i.SWAPBYTE                               0x080024fc   Section        0  usbd_ctlreq.o(i.SWAPBYTE)
    SWAPBYTE                                 0x080024fd   Thumb Code    10  usbd_ctlreq.o(i.SWAPBYTE)
    i.SysTick_Handler                        0x08002506   Section        0  stm32f4xx_it.o(i.SysTick_Handler)
    i.SystemClock_Config                     0x0800250c   Section        0  main.o(i.SystemClock_Config)
    i.SystemInit                             0x08002590   Section        0  system_stm32f4xx.o(i.SystemInit)
    i.USBD_ClrClassConfig                    0x080025ac   Section        0  usbd_core.o(i.USBD_ClrClassConfig)
    i.USBD_CtlContinueRx                     0x080025bc   Section        0  usbd_ioreq.o(i.USBD_CtlContinueRx)
    i.USBD_CtlContinueSendData               0x080025cc   Section        0  usbd_ioreq.o(i.USBD_CtlContinueSendData)
    i.USBD_CtlError                          0x080025dc   Section        0  usbd_ctlreq.o(i.USBD_CtlError)
    i.USBD_CtlReceiveStatus                  0x080025f2   Section        0  usbd_ioreq.o(i.USBD_CtlReceiveStatus)
    i.USBD_CtlSendData                       0x08002608   Section        0  usbd_ioreq.o(i.USBD_CtlSendData)
    i.USBD_CtlSendStatus                     0x08002622   Section        0  usbd_ioreq.o(i.USBD_CtlSendStatus)
    i.USBD_FS_ConfigStrDescriptor            0x08002638   Section        0  usbd_desc.o(i.USBD_FS_ConfigStrDescriptor)
    i.USBD_FS_DeviceDescriptor               0x08002658   Section        0  usbd_desc.o(i.USBD_FS_DeviceDescriptor)
    i.USBD_FS_InterfaceStrDescriptor         0x08002664   Section        0  usbd_desc.o(i.USBD_FS_InterfaceStrDescriptor)
    i.USBD_FS_LangIDStrDescriptor            0x08002688   Section        0  usbd_desc.o(i.USBD_FS_LangIDStrDescriptor)
    i.USBD_FS_ManufacturerStrDescriptor      0x08002694   Section        0  usbd_desc.o(i.USBD_FS_ManufacturerStrDescriptor)
    i.USBD_FS_ProductStrDescriptor           0x080026bc   Section        0  usbd_desc.o(i.USBD_FS_ProductStrDescriptor)
    i.USBD_FS_SerialStrDescriptor            0x080026e4   Section        0  usbd_desc.o(i.USBD_FS_SerialStrDescriptor)
    i.USBD_GetDescriptor                     0x0800271c   Section        0  usbd_ctlreq.o(i.USBD_GetDescriptor)
    USBD_GetDescriptor                       0x0800271d   Thumb Code   230  usbd_ctlreq.o(i.USBD_GetDescriptor)
    i.USBD_GetString                         0x08002802   Section        0  usbd_ctlreq.o(i.USBD_GetString)
    i.USBD_Get_USB_Status                    0x0800284a   Section        0  usbd_conf.o(i.USBD_Get_USB_Status)
    i.USBD_Init                              0x08002862   Section        0  usbd_core.o(i.USBD_Init)
    i.USBD_LL_ClearStallEP                   0x08002896   Section        0  usbd_conf.o(i.USBD_LL_ClearStallEP)
    i.USBD_LL_CloseEP                        0x080028a8   Section        0  usbd_conf.o(i.USBD_LL_CloseEP)
    i.USBD_LL_DataInStage                    0x080028ba   Section        0  usbd_core.o(i.USBD_LL_DataInStage)
    i.USBD_LL_DataOutStage                   0x08002964   Section        0  usbd_core.o(i.USBD_LL_DataOutStage)
    i.USBD_LL_DevConnected                   0x080029d2   Section        0  usbd_core.o(i.USBD_LL_DevConnected)
    i.USBD_LL_DevDisconnected                0x080029d6   Section        0  usbd_core.o(i.USBD_LL_DevDisconnected)
    i.USBD_LL_FlushEP                        0x080029ee   Section        0  usbd_conf.o(i.USBD_LL_FlushEP)
    i.USBD_LL_GetRxDataSize                  0x08002a00   Section        0  usbd_conf.o(i.USBD_LL_GetRxDataSize)
    i.USBD_LL_Init                           0x08002a08   Section        0  usbd_conf.o(i.USBD_LL_Init)
    i.USBD_LL_IsStallEP                      0x08002a68   Section        0  usbd_conf.o(i.USBD_LL_IsStallEP)
    i.USBD_LL_IsoINIncomplete                0x08002a88   Section        0  usbd_core.o(i.USBD_LL_IsoINIncomplete)
    i.USBD_LL_IsoOUTIncomplete               0x08002a8c   Section        0  usbd_core.o(i.USBD_LL_IsoOUTIncomplete)
    i.USBD_LL_OpenEP                         0x08002a90   Section        0  usbd_conf.o(i.USBD_LL_OpenEP)
    i.USBD_LL_PrepareReceive                 0x08002aa8   Section        0  usbd_conf.o(i.USBD_LL_PrepareReceive)
    i.USBD_LL_Reset                          0x08002aba   Section        0  usbd_core.o(i.USBD_LL_Reset)
    i.USBD_LL_Resume                         0x08002b0c   Section        0  usbd_core.o(i.USBD_LL_Resume)
    i.USBD_LL_SOF                            0x08002b20   Section        0  usbd_core.o(i.USBD_LL_SOF)
    i.USBD_LL_SetSpeed                       0x08002b38   Section        0  usbd_core.o(i.USBD_LL_SetSpeed)
    i.USBD_LL_SetUSBAddress                  0x08002b3e   Section        0  usbd_conf.o(i.USBD_LL_SetUSBAddress)
    i.USBD_LL_SetupStage                     0x08002b50   Section        0  usbd_core.o(i.USBD_LL_SetupStage)
    i.USBD_LL_StallEP                        0x08002bb0   Section        0  usbd_conf.o(i.USBD_LL_StallEP)
    i.USBD_LL_Start                          0x08002bc2   Section        0  usbd_conf.o(i.USBD_LL_Start)
    i.USBD_LL_Suspend                        0x08002bd4   Section        0  usbd_core.o(i.USBD_LL_Suspend)
    i.USBD_LL_Transmit                       0x08002be6   Section        0  usbd_conf.o(i.USBD_LL_Transmit)
    i.USBD_MSC_DataIn                        0x08002bf8   Section        0  usbd_msc.o(i.USBD_MSC_DataIn)
    i.USBD_MSC_DataOut                       0x08002c02   Section        0  usbd_msc.o(i.USBD_MSC_DataOut)
    i.USBD_MSC_DeInit                        0x08002c0c   Section        0  usbd_msc.o(i.USBD_MSC_DeInit)
    i.USBD_MSC_GetDeviceQualifierDescriptor  0x08002c40   Section        0  usbd_msc.o(i.USBD_MSC_GetDeviceQualifierDescriptor)
    i.USBD_MSC_GetFSCfgDesc                  0x08002c4c   Section        0  usbd_msc.o(i.USBD_MSC_GetFSCfgDesc)
    i.USBD_MSC_GetHSCfgDesc                  0x08002c58   Section        0  usbd_msc.o(i.USBD_MSC_GetHSCfgDesc)
    i.USBD_MSC_GetOtherSpeedCfgDesc          0x08002c64   Section        0  usbd_msc.o(i.USBD_MSC_GetOtherSpeedCfgDesc)
    i.USBD_MSC_Init                          0x08002c70   Section        0  usbd_msc.o(i.USBD_MSC_Init)
    i.USBD_MSC_RegisterStorage               0x08002cd2   Section        0  usbd_msc.o(i.USBD_MSC_RegisterStorage)
    i.USBD_MSC_Setup                         0x08002ce0   Section        0  usbd_msc.o(i.USBD_MSC_Setup)
    i.USBD_ParseSetupRequest                 0x08002dac   Section        0  usbd_ctlreq.o(i.USBD_ParseSetupRequest)
    i.USBD_RegisterClass                     0x08002dd8   Section        0  usbd_core.o(i.USBD_RegisterClass)
    i.USBD_SetClassConfig                    0x08002dfa   Section        0  usbd_core.o(i.USBD_SetClassConfig)
    i.USBD_SetConfig                         0x08002e10   Section        0  usbd_ctlreq.o(i.USBD_SetConfig)
    USBD_SetConfig                           0x08002e11   Thumb Code   182  usbd_ctlreq.o(i.USBD_SetConfig)
    i.USBD_Start                             0x08002ecc   Section        0  usbd_core.o(i.USBD_Start)
    i.USBD_StdDevReq                         0x08002ed0   Section        0  usbd_ctlreq.o(i.USBD_StdDevReq)
    i.USBD_StdEPReq                          0x08002fe4   Section        0  usbd_ctlreq.o(i.USBD_StdEPReq)
    i.USBD_StdItfReq                         0x08003130   Section        0  usbd_ctlreq.o(i.USBD_StdItfReq)
    i.USB_ActivateEndpoint                   0x08003184   Section        0  stm32f4xx_ll_usb.o(i.USB_ActivateEndpoint)
    i.USB_ActivateSetup                      0x08003204   Section        0  stm32f4xx_ll_usb.o(i.USB_ActivateSetup)
    i.USB_CoreInit                           0x08003220   Section        0  stm32f4xx_ll_usb.o(i.USB_CoreInit)
    i.USB_CoreReset                          0x08003294   Section        0  stm32f4xx_ll_usb.o(i.USB_CoreReset)
    USB_CoreReset                            0x08003295   Thumb Code    50  stm32f4xx_ll_usb.o(i.USB_CoreReset)
    i.USB_DeactivateEndpoint                 0x080032cc   Section        0  stm32f4xx_ll_usb.o(i.USB_DeactivateEndpoint)
    i.USB_DevConnect                         0x08003398   Section        0  stm32f4xx_ll_usb.o(i.USB_DevConnect)
    i.USB_DevDisconnect                      0x080033b4   Section        0  stm32f4xx_ll_usb.o(i.USB_DevDisconnect)
    i.USB_DevInit                            0x080033d0   Section        0  stm32f4xx_ll_usb.o(i.USB_DevInit)
    i.USB_DisableGlobalInt                   0x08003544   Section        0  stm32f4xx_ll_usb.o(i.USB_DisableGlobalInt)
    i.USB_EP0StartXfer                       0x08003550   Section        0  stm32f4xx_ll_usb.o(i.USB_EP0StartXfer)
    i.USB_EP0_OutStart                       0x08003668   Section        0  stm32f4xx_ll_usb.o(i.USB_EP0_OutStart)
    i.USB_EPClearStall                       0x080036c0   Section        0  stm32f4xx_ll_usb.o(i.USB_EPClearStall)
    i.USB_EPSetStall                         0x08003718   Section        0  stm32f4xx_ll_usb.o(i.USB_EPSetStall)
    i.USB_EPStartXfer                        0x08003770   Section        0  stm32f4xx_ll_usb.o(i.USB_EPStartXfer)
    i.USB_EnableGlobalInt                    0x08003958   Section        0  stm32f4xx_ll_usb.o(i.USB_EnableGlobalInt)
    i.USB_FlushRxFifo                        0x08003964   Section        0  stm32f4xx_ll_usb.o(i.USB_FlushRxFifo)
    i.USB_FlushTxFifo                        0x08003984   Section        0  stm32f4xx_ll_usb.o(i.USB_FlushTxFifo)
    i.USB_GetDevSpeed                        0x080039a8   Section        0  stm32f4xx_ll_usb.o(i.USB_GetDevSpeed)
    i.USB_GetMode                            0x080039c2   Section        0  stm32f4xx_ll_usb.o(i.USB_GetMode)
    i.USB_ReadDevAllInEpInterrupt            0x080039ca   Section        0  stm32f4xx_ll_usb.o(i.USB_ReadDevAllInEpInterrupt)
    i.USB_ReadDevAllOutEpInterrupt           0x080039d8   Section        0  stm32f4xx_ll_usb.o(i.USB_ReadDevAllOutEpInterrupt)
    i.USB_ReadDevInEPInterrupt               0x080039e6   Section        0  stm32f4xx_ll_usb.o(i.USB_ReadDevInEPInterrupt)
    i.USB_ReadDevOutEPInterrupt              0x08003a0a   Section        0  stm32f4xx_ll_usb.o(i.USB_ReadDevOutEPInterrupt)
    i.USB_ReadInterrupts                     0x08003a1a   Section        0  stm32f4xx_ll_usb.o(i.USB_ReadInterrupts)
    i.USB_ReadPacket                         0x08003a22   Section        0  stm32f4xx_ll_usb.o(i.USB_ReadPacket)
    i.USB_SetCurrentMode                     0x08003a3e   Section        0  stm32f4xx_ll_usb.o(i.USB_SetCurrentMode)
    i.USB_SetDevAddress                      0x08003a6c   Section        0  stm32f4xx_ll_usb.o(i.USB_SetDevAddress)
    i.USB_SetTurnaroundTime                  0x08003a90   Section        0  stm32f4xx_ll_usb.o(i.USB_SetTurnaroundTime)
    i.USB_WritePacket                        0x08003b78   Section        0  stm32f4xx_ll_usb.o(i.USB_WritePacket)
    i.UsageFault_Handler                     0x08003b9c   Section        0  stm32f4xx_it.o(i.UsageFault_Handler)
    i.__NVIC_SetPriority                     0x08003b9e   Section        0  stm32f4xx_hal_cortex.o(i.__NVIC_SetPriority)
    __NVIC_SetPriority                       0x08003b9f   Thumb Code    32  stm32f4xx_hal_cortex.o(i.__NVIC_SetPriority)
    i.__scatterload_copy                     0x08003bbe   Section       14  handlers.o(i.__scatterload_copy)
    i.__scatterload_null                     0x08003bcc   Section        2  handlers.o(i.__scatterload_null)
    i.__scatterload_zeroinit                 0x08003bce   Section       14  handlers.o(i.__scatterload_zeroinit)
    i.free                                   0x08003bdc   Section        0  malloc.o(i.free)
    i.main                                   0x08003c2c   Section        0  main.o(i.main)
    i.malloc                                 0x08003c44   Section        0  malloc.o(i.malloc)
    .constdata                               0x08003cb0   Section       36  usbd_storage_if.o(.constdata)
    .constdata                               0x08003cd4   Section       16  system_stm32f4xx.o(.constdata)
    .data                                    0x20000000   Section       28  usbd_desc.o(.data)
    .data                                    0x2000001c   Section       50  usbd_desc.o(.data)
    .data                                    0x20000050   Section       32  usbd_storage_if.o(.data)
    .data                                    0x20000070   Section       12  stm32f4xx_hal.o(.data)
    .data                                    0x2000007c   Section        4  system_stm32f4xx.o(.data)
    .data                                    0x20000080   Section        1  usbd_ctlreq.o(.data)
    cfgidx                                   0x20000080   Data           1  usbd_ctlreq.o(.data)
    .data                                    0x20000084   Section       56  usbd_msc.o(.data)
    .data                                    0x200000bc   Section      106  usbd_msc.o(.data)
    USBD_MSC_CfgHSDesc                       0x200000bc   Data          32  usbd_msc.o(.data)
    USBD_MSC_CfgFSDesc                       0x200000dc   Data          32  usbd_msc.o(.data)
    USBD_MSC_OtherSpeedCfgDesc               0x200000fc   Data          32  usbd_msc.o(.data)
    USBD_MSC_DeviceQualifierDesc             0x2000011c   Data          10  usbd_msc.o(.data)
    .data                                    0x20000126   Section        6  usbd_msc_data.o(.data)
    .data                                    0x2000012c   Section        8  usbd_msc_data.o(.data)
    .data                                    0x20000134   Section       23  usbd_msc_data.o(.data)
    .data                                    0x2000014b   Section       27  usbd_msc_data.o(.data)
    .data                                    0x20000168   Section        4  mvars.o(.data)
    .data                                    0x2000016c   Section        4  mvars.o(.data)
    .bss                                     0x20000170   Section       88  spi.o(.bss)
    .bss                                     0x200001c8   Section      720  usb_device.o(.bss)
    .bss                                     0x20000498   Section      512  usbd_desc.o(.bss)
    .bss                                     0x20000698   Section     1032  usbd_conf.o(.bss)
    HEAP                                     0x20000aa0   Section     4608  startup_stm32f407xx.o(HEAP)
    STACK                                    0x20001ca0   Section     2048  startup_stm32f407xx.o(STACK)

    Global Symbols

    Symbol Name                              Value     Ov Type        Size  Object(Section)

    BuildAttributes$$THM_ISAv4$E$P$D$K$B$S$7EM$VFPi3$EXTD16$VFPS$VFMA$PE$A:L22UL41UL21$X:L11$S22US41US21$IEEE1$IW$USESV6$~STKCKD$USESV7$~SHL$OSPACE$EBA8$MICROLIB$REQ8$PRES8$EABIv2 0x00000000   Number         0  anon$$obj.o ABSOLUTE
    __ARM_use_no_argv                        0x00000000   Number         0  main.o ABSOLUTE
    __cpp_initialize__aeabi_                  - Undefined Weak Reference
    __cxa_finalize                            - Undefined Weak Reference
    _clock_init                               - Undefined Weak Reference
    _microlib_exit                            - Undefined Weak Reference
    __Vectors_Size                           0x00000188   Number         0  startup_stm32f407xx.o ABSOLUTE
    __Vectors                                0x08000000   Data           4  startup_stm32f407xx.o(RESET)
    __Vectors_End                            0x08000188   Data           0  startup_stm32f407xx.o(RESET)
    __main                                   0x08000189   Thumb Code     0  entry.o(.ARM.Collect$$$$00000000)
    _main_stk                                0x08000189   Thumb Code     0  entry2.o(.ARM.Collect$$$$00000001)
    _main_scatterload                        0x0800018d   Thumb Code     0  entry5.o(.ARM.Collect$$$$00000004)
    __main_after_scatterload                 0x08000191   Thumb Code     0  entry5.o(.ARM.Collect$$$$00000004)
    _main_clock                              0x08000191   Thumb Code     0  entry7b.o(.ARM.Collect$$$$00000008)
    _main_cpp_init                           0x08000191   Thumb Code     0  entry8b.o(.ARM.Collect$$$$0000000A)
    _main_init                               0x08000191   Thumb Code     0  entry9a.o(.ARM.Collect$$$$0000000B)
    __rt_final_cpp                           0x08000199   Thumb Code     0  entry10a.o(.ARM.Collect$$$$0000000D)
    __rt_final_exit                          0x08000199   Thumb Code     0  entry11a.o(.ARM.Collect$$$$0000000F)
    Reset_Handler                            0x0800019d   Thumb Code     8  startup_stm32f407xx.o(.text)
    ADC_IRQHandler                           0x080001b7   Thumb Code     0  startup_stm32f407xx.o(.text)
    CAN1_RX0_IRQHandler                      0x080001b7   Thumb Code     0  startup_stm32f407xx.o(.text)
    CAN1_RX1_IRQHandler                      0x080001b7   Thumb Code     0  startup_stm32f407xx.o(.text)
    CAN1_SCE_IRQHandler                      0x080001b7   Thumb Code     0  startup_stm32f407xx.o(.text)
    CAN1_TX_IRQHandler                       0x080001b7   Thumb Code     0  startup_stm32f407xx.o(.text)
    CAN2_RX0_IRQHandler                      0x080001b7   Thumb Code     0  startup_stm32f407xx.o(.text)
    CAN2_RX1_IRQHandler                      0x080001b7   Thumb Code     0  startup_stm32f407xx.o(.text)
    CAN2_SCE_IRQHandler                      0x080001b7   Thumb Code     0  startup_stm32f407xx.o(.text)
    CAN2_TX_IRQHandler                       0x080001b7   Thumb Code     0  startup_stm32f407xx.o(.text)
    DCMI_IRQHandler                          0x080001b7   Thumb Code     0  startup_stm32f407xx.o(.text)
    DMA1_Stream0_IRQHandler                  0x080001b7   Thumb Code     0  startup_stm32f407xx.o(.text)
    DMA1_Stream1_IRQHandler                  0x080001b7   Thumb Code     0  startup_stm32f407xx.o(.text)
    DMA1_Stream2_IRQHandler                  0x080001b7   Thumb Code     0  startup_stm32f407xx.o(.text)
    DMA1_Stream3_IRQHandler                  0x080001b7   Thumb Code     0  startup_stm32f407xx.o(.text)
    DMA1_Stream4_IRQHandler                  0x080001b7   Thumb Code     0  startup_stm32f407xx.o(.text)
    DMA1_Stream5_IRQHandler                  0x080001b7   Thumb Code     0  startup_stm32f407xx.o(.text)
    DMA1_Stream6_IRQHandler                  0x080001b7   Thumb Code     0  startup_stm32f407xx.o(.text)
    DMA1_Stream7_IRQHandler                  0x080001b7   Thumb Code     0  startup_stm32f407xx.o(.text)
    DMA2_Stream0_IRQHandler                  0x080001b7   Thumb Code     0  startup_stm32f407xx.o(.text)
    DMA2_Stream1_IRQHandler                  0x080001b7   Thumb Code     0  startup_stm32f407xx.o(.text)
    DMA2_Stream2_IRQHandler                  0x080001b7   Thumb Code     0  startup_stm32f407xx.o(.text)
    DMA2_Stream3_IRQHandler                  0x080001b7   Thumb Code     0  startup_stm32f407xx.o(.text)
    DMA2_Stream4_IRQHandler                  0x080001b7   Thumb Code     0  startup_stm32f407xx.o(.text)
    DMA2_Stream5_IRQHandler                  0x080001b7   Thumb Code     0  startup_stm32f407xx.o(.text)
    DMA2_Stream6_IRQHandler                  0x080001b7   Thumb Code     0  startup_stm32f407xx.o(.text)
    DMA2_Stream7_IRQHandler                  0x080001b7   Thumb Code     0  startup_stm32f407xx.o(.text)
    ETH_IRQHandler                           0x080001b7   Thumb Code     0  startup_stm32f407xx.o(.text)
    ETH_WKUP_IRQHandler                      0x080001b7   Thumb Code     0  startup_stm32f407xx.o(.text)
    EXTI0_IRQHandler                         0x080001b7   Thumb Code     0  startup_stm32f407xx.o(.text)
    EXTI15_10_IRQHandler                     0x080001b7   Thumb Code     0  startup_stm32f407xx.o(.text)
    EXTI1_IRQHandler                         0x080001b7   Thumb Code     0  startup_stm32f407xx.o(.text)
    EXTI2_IRQHandler                         0x080001b7   Thumb Code     0  startup_stm32f407xx.o(.text)
    EXTI3_IRQHandler                         0x080001b7   Thumb Code     0  startup_stm32f407xx.o(.text)
    EXTI4_IRQHandler                         0x080001b7   Thumb Code     0  startup_stm32f407xx.o(.text)
    EXTI9_5_IRQHandler                       0x080001b7   Thumb Code     0  startup_stm32f407xx.o(.text)
    FLASH_IRQHandler                         0x080001b7   Thumb Code     0  startup_stm32f407xx.o(.text)
    FMC_IRQHandler                           0x080001b7   Thumb Code     0  startup_stm32f407xx.o(.text)
    FPU_IRQHandler                           0x080001b7   Thumb Code     0  startup_stm32f407xx.o(.text)
    HASH_RNG_IRQHandler                      0x080001b7   Thumb Code     0  startup_stm32f407xx.o(.text)
    I2C1_ER_IRQHandler                       0x080001b7   Thumb Code     0  startup_stm32f407xx.o(.text)
    I2C1_EV_IRQHandler                       0x080001b7   Thumb Code     0  startup_stm32f407xx.o(.text)
    I2C2_ER_IRQHandler                       0x080001b7   Thumb Code     0  startup_stm32f407xx.o(.text)
    I2C2_EV_IRQHandler                       0x080001b7   Thumb Code     0  startup_stm32f407xx.o(.text)
    I2C3_ER_IRQHandler                       0x080001b7   Thumb Code     0  startup_stm32f407xx.o(.text)
    I2C3_EV_IRQHandler                       0x080001b7   Thumb Code     0  startup_stm32f407xx.o(.text)
    OTG_FS_WKUP_IRQHandler                   0x080001b7   Thumb Code     0  startup_stm32f407xx.o(.text)
    OTG_HS_EP1_IN_IRQHandler                 0x080001b7   Thumb Code     0  startup_stm32f407xx.o(.text)
    OTG_HS_EP1_OUT_IRQHandler                0x080001b7   Thumb Code     0  startup_stm32f407xx.o(.text)
    OTG_HS_IRQHandler                        0x080001b7   Thumb Code     0  startup_stm32f407xx.o(.text)
    OTG_HS_WKUP_IRQHandler                   0x080001b7   Thumb Code     0  startup_stm32f407xx.o(.text)
    PVD_IRQHandler                           0x080001b7   Thumb Code     0  startup_stm32f407xx.o(.text)
    RCC_IRQHandler                           0x080001b7   Thumb Code     0  startup_stm32f407xx.o(.text)
    RTC_Alarm_IRQHandler                     0x080001b7   Thumb Code     0  startup_stm32f407xx.o(.text)
    RTC_WKUP_IRQHandler                      0x080001b7   Thumb Code     0  startup_stm32f407xx.o(.text)
    SDIO_IRQHandler                          0x080001b7   Thumb Code     0  startup_stm32f407xx.o(.text)
    SPI2_IRQHandler                          0x080001b7   Thumb Code     0  startup_stm32f407xx.o(.text)
    SPI3_IRQHandler                          0x080001b7   Thumb Code     0  startup_stm32f407xx.o(.text)
    TAMP_STAMP_IRQHandler                    0x080001b7   Thumb Code     0  startup_stm32f407xx.o(.text)
    TIM1_BRK_TIM9_IRQHandler                 0x080001b7   Thumb Code     0  startup_stm32f407xx.o(.text)
    TIM1_CC_IRQHandler                       0x080001b7   Thumb Code     0  startup_stm32f407xx.o(.text)
    TIM1_TRG_COM_TIM11_IRQHandler            0x080001b7   Thumb Code     0  startup_stm32f407xx.o(.text)
    TIM1_UP_TIM10_IRQHandler                 0x080001b7   Thumb Code     0  startup_stm32f407xx.o(.text)
    TIM2_IRQHandler                          0x080001b7   Thumb Code     0  startup_stm32f407xx.o(.text)
    TIM3_IRQHandler                          0x080001b7   Thumb Code     0  startup_stm32f407xx.o(.text)
    TIM4_IRQHandler                          0x080001b7   Thumb Code     0  startup_stm32f407xx.o(.text)
    TIM5_IRQHandler                          0x080001b7   Thumb Code     0  startup_stm32f407xx.o(.text)
    TIM6_DAC_IRQHandler                      0x080001b7   Thumb Code     0  startup_stm32f407xx.o(.text)
    TIM7_IRQHandler                          0x080001b7   Thumb Code     0  startup_stm32f407xx.o(.text)
    TIM8_BRK_TIM12_IRQHandler                0x080001b7   Thumb Code     0  startup_stm32f407xx.o(.text)
    TIM8_CC_IRQHandler                       0x080001b7   Thumb Code     0  startup_stm32f407xx.o(.text)
    TIM8_TRG_COM_TIM14_IRQHandler            0x080001b7   Thumb Code     0  startup_stm32f407xx.o(.text)
    TIM8_UP_TIM13_IRQHandler                 0x080001b7   Thumb Code     0  startup_stm32f407xx.o(.text)
    UART4_IRQHandler                         0x080001b7   Thumb Code     0  startup_stm32f407xx.o(.text)
    UART5_IRQHandler                         0x080001b7   Thumb Code     0  startup_stm32f407xx.o(.text)
    USART1_IRQHandler                        0x080001b7   Thumb Code     0  startup_stm32f407xx.o(.text)
    USART2_IRQHandler                        0x080001b7   Thumb Code     0  startup_stm32f407xx.o(.text)
    USART3_IRQHandler                        0x080001b7   Thumb Code     0  startup_stm32f407xx.o(.text)
    USART6_IRQHandler                        0x080001b7   Thumb Code     0  startup_stm32f407xx.o(.text)
    WWDG_IRQHandler                          0x080001b7   Thumb Code     0  startup_stm32f407xx.o(.text)
    __aeabi_uldivmod                         0x080001c1   Thumb Code    98  uldiv.o(.text)
    __aeabi_memcpy                           0x08000223   Thumb Code    36  memcpya.o(.text)
    __aeabi_memcpy4                          0x08000223   Thumb Code     0  memcpya.o(.text)
    __aeabi_memcpy8                          0x08000223   Thumb Code     0  memcpya.o(.text)
    __aeabi_memset                           0x08000247   Thumb Code    14  memseta.o(.text)
    __aeabi_memset4                          0x08000247   Thumb Code     0  memseta.o(.text)
    __aeabi_memset8                          0x08000247   Thumb Code     0  memseta.o(.text)
    __aeabi_memclr                           0x08000255   Thumb Code     4  memseta.o(.text)
    __aeabi_memclr4                          0x08000255   Thumb Code     0  memseta.o(.text)
    __aeabi_memclr8                          0x08000255   Thumb Code     0  memseta.o(.text)
    _memset$wrapper                          0x08000259   Thumb Code    18  memseta.o(.text)
    __aeabi_llsl                             0x0800026b   Thumb Code    30  llshl.o(.text)
    _ll_shift_l                              0x0800026b   Thumb Code     0  llshl.o(.text)
    __aeabi_llsr                             0x08000289   Thumb Code    32  llushr.o(.text)
    _ll_ushift_r                             0x08000289   Thumb Code     0  llushr.o(.text)
    __scatterload                            0x080002a9   Thumb Code    28  init.o(.text)
    __scatterload_rt2                        0x080002a9   Thumb Code     0  init.o(.text)
    __decompress                             0x080002cd   Thumb Code     0  __dczerorl2.o(.text)
    __decompress1                            0x080002cd   Thumb Code    86  __dczerorl2.o(.text)
    BusFault_Handler                         0x08000323   Thumb Code     2  stm32f4xx_it.o(i.BusFault_Handler)
    DebugMon_Handler                         0x08000325   Thumb Code     2  stm32f4xx_it.o(i.DebugMon_Handler)
    Error_Handler                            0x08000327   Thumb Code     2  main.o(i.Error_Handler)
    HAL_DMA_Abort_IT                         0x08000329   Thumb Code    36  stm32f4xx_hal_dma.o(i.HAL_DMA_Abort_IT)
    HAL_Delay                                0x0800034d   Thumb Code    32  stm32f4xx_hal.o(i.HAL_Delay)
    HAL_GPIO_Init                            0x08000371   Thumb Code   394  stm32f4xx_hal_gpio.o(i.HAL_GPIO_Init)
    HAL_GPIO_WritePin                        0x08000529   Thumb Code    10  stm32f4xx_hal_gpio.o(i.HAL_GPIO_WritePin)
    HAL_GetTick                              0x08000535   Thumb Code     6  stm32f4xx_hal.o(i.HAL_GetTick)
    HAL_IncTick                              0x08000541   Thumb Code    12  stm32f4xx_hal.o(i.HAL_IncTick)
    HAL_Init                                 0x08000551   Thumb Code    48  stm32f4xx_hal.o(i.HAL_Init)
    HAL_InitTick                             0x08000585   Thumb Code    54  stm32f4xx_hal.o(i.HAL_InitTick)
    HAL_MspInit                              0x080005c5   Thumb Code    42  stm32f4xx_hal_msp.o(i.HAL_MspInit)
    HAL_NVIC_EnableIRQ                       0x080005f5   Thumb Code    26  stm32f4xx_hal_cortex.o(i.HAL_NVIC_EnableIRQ)
    HAL_NVIC_SetPriority                     0x08000611   Thumb Code    60  stm32f4xx_hal_cortex.o(i.HAL_NVIC_SetPriority)
    HAL_NVIC_SetPriorityGrouping             0x08000651   Thumb Code    26  stm32f4xx_hal_cortex.o(i.HAL_NVIC_SetPriorityGrouping)
    HAL_PCDEx_LPM_Callback                   0x08000675   Thumb Code     2  stm32f4xx_hal_pcd_ex.o(i.HAL_PCDEx_LPM_Callback)
    HAL_PCDEx_SetRxFiFo                      0x08000677   Thumb Code     8  stm32f4xx_hal_pcd_ex.o(i.HAL_PCDEx_SetRxFiFo)
    HAL_PCDEx_SetTxFiFo                      0x0800067f   Thumb Code    68  stm32f4xx_hal_pcd_ex.o(i.HAL_PCDEx_SetTxFiFo)
    HAL_PCD_ConnectCallback                  0x080006c3   Thumb Code     8  usbd_conf.o(i.HAL_PCD_ConnectCallback)
    HAL_PCD_DataInStageCallback              0x080006cb   Thumb Code    18  usbd_conf.o(i.HAL_PCD_DataInStageCallback)
    HAL_PCD_DataOutStageCallback             0x080006dd   Thumb Code    20  usbd_conf.o(i.HAL_PCD_DataOutStageCallback)
    HAL_PCD_DisconnectCallback               0x080006f1   Thumb Code     8  usbd_conf.o(i.HAL_PCD_DisconnectCallback)
    HAL_PCD_EP_Close                         0x080006f9   Thumb Code    76  stm32f4xx_hal_pcd.o(i.HAL_PCD_EP_Close)
    HAL_PCD_EP_ClrStall                      0x08000745   Thumb Code    92  stm32f4xx_hal_pcd.o(i.HAL_PCD_EP_ClrStall)
    HAL_PCD_EP_Flush                         0x080007a1   Thumb Code    52  stm32f4xx_hal_pcd.o(i.HAL_PCD_EP_Flush)
    HAL_PCD_EP_GetRxCount                    0x080007d5   Thumb Code    18  stm32f4xx_hal_pcd.o(i.HAL_PCD_EP_GetRxCount)
    HAL_PCD_EP_Open                          0x080007e7   Thumb Code    96  stm32f4xx_hal_pcd.o(i.HAL_PCD_EP_Open)
    HAL_PCD_EP_Receive                       0x08000847   Thumb Code    72  stm32f4xx_hal_pcd.o(i.HAL_PCD_EP_Receive)
    HAL_PCD_EP_SetStall                      0x0800088f   Thumb Code   116  stm32f4xx_hal_pcd.o(i.HAL_PCD_EP_SetStall)
    HAL_PCD_EP_Transmit                      0x08000903   Thumb Code    64  stm32f4xx_hal_pcd.o(i.HAL_PCD_EP_Transmit)
    HAL_PCD_IRQHandler                       0x08000945   Thumb Code  1070  stm32f4xx_hal_pcd.o(i.HAL_PCD_IRQHandler)
    HAL_PCD_ISOINIncompleteCallback          0x08000d79   Thumb Code     8  usbd_conf.o(i.HAL_PCD_ISOINIncompleteCallback)
    HAL_PCD_ISOOUTIncompleteCallback         0x08000d81   Thumb Code     8  usbd_conf.o(i.HAL_PCD_ISOOUTIncompleteCallback)
    HAL_PCD_Init                             0x08000d89   Thumb Code   226  stm32f4xx_hal_pcd.o(i.HAL_PCD_Init)
    HAL_PCD_MspInit                          0x08000e6d   Thumb Code   122  usbd_conf.o(i.HAL_PCD_MspInit)
    HAL_PCD_ResetCallback                    0x08000ef1   Thumb Code    44  usbd_conf.o(i.HAL_PCD_ResetCallback)
    HAL_PCD_ResumeCallback                   0x08000f1d   Thumb Code     8  usbd_conf.o(i.HAL_PCD_ResumeCallback)
    HAL_PCD_SOFCallback                      0x08000f25   Thumb Code     8  usbd_conf.o(i.HAL_PCD_SOFCallback)
    HAL_PCD_SetAddress                       0x08000f2d   Thumb Code    40  stm32f4xx_hal_pcd.o(i.HAL_PCD_SetAddress)
    HAL_PCD_SetupStageCallback               0x08000f55   Thumb Code    14  usbd_conf.o(i.HAL_PCD_SetupStageCallback)
    HAL_PCD_Start                            0x08000f63   Thumb Code    66  stm32f4xx_hal_pcd.o(i.HAL_PCD_Start)
    HAL_PCD_SuspendCallback                  0x08000fa5   Thumb Code    44  usbd_conf.o(i.HAL_PCD_SuspendCallback)
    HAL_RCC_ClockConfig                      0x08000fd5   Thumb Code   288  stm32f4xx_hal_rcc.o(i.HAL_RCC_ClockConfig)
    HAL_RCC_GetHCLKFreq                      0x08001109   Thumb Code     6  stm32f4xx_hal_rcc.o(i.HAL_RCC_GetHCLKFreq)
    HAL_RCC_GetSysClockFreq                  0x08001115   Thumb Code    88  stm32f4xx_hal_rcc.o(i.HAL_RCC_GetSysClockFreq)
    HAL_RCC_OscConfig                        0x08001175   Thumb Code   840  stm32f4xx_hal_rcc.o(i.HAL_RCC_OscConfig)
    HAL_SPI_ErrorCallback                    0x080014d1   Thumb Code     2  stm32f4xx_hal_spi.o(i.HAL_SPI_ErrorCallback)
    HAL_SPI_IRQHandler                       0x080014d5   Thumb Code   246  stm32f4xx_hal_spi.o(i.HAL_SPI_IRQHandler)
    HAL_SPI_Init                             0x080015d1   Thumb Code   128  stm32f4xx_hal_spi.o(i.HAL_SPI_Init)
    HAL_SPI_MspInit                          0x08001651   Thumb Code   108  spi.o(i.HAL_SPI_MspInit)
    HAL_SYSTICK_Config                       0x080016c9   Thumb Code    40  stm32f4xx_hal_cortex.o(i.HAL_SYSTICK_Config)
    HardFault_Handler                        0x080016f1   Thumb Code     2  stm32f4xx_it.o(i.HardFault_Handler)
    MSC_BOT_CplClrFeature                    0x0800183d   Thumb Code    56  usbd_msc_bot.o(i.MSC_BOT_CplClrFeature)
    MSC_BOT_DataIn                           0x08001875   Thumb Code    58  usbd_msc_bot.o(i.MSC_BOT_DataIn)
    MSC_BOT_DataOut                          0x080018af   Thumb Code    58  usbd_msc_bot.o(i.MSC_BOT_DataOut)
    MSC_BOT_DeInit                           0x080018e9   Thumb Code    10  usbd_msc_bot.o(i.MSC_BOT_DeInit)
    MSC_BOT_Init                             0x080018f3   Thumb Code    70  usbd_msc_bot.o(i.MSC_BOT_Init)
    MSC_BOT_Reset                            0x08001939   Thumb Code    50  usbd_msc_bot.o(i.MSC_BOT_Reset)
    MSC_BOT_SendCSW                          0x0800196d   Thumb Code    54  usbd_msc_bot.o(i.MSC_BOT_SendCSW)
    MX_GPIO_Init                             0x080019a9   Thumb Code    98  gpio.o(i.MX_GPIO_Init)
    MX_SPI1_Init                             0x08001a15   Thumb Code    60  spi.o(i.MX_SPI1_Init)
    MX_USB_DEVICE_Init                       0x08001a59   Thumb Code    66  usb_device.o(i.MX_USB_DEVICE_Init)
    MemManage_Handler                        0x08001aad   Thumb Code     2  stm32f4xx_it.o(i.MemManage_Handler)
    NMI_Handler                              0x08001aaf   Thumb Code     2  stm32f4xx_it.o(i.NMI_Handler)
    OTG_FS_IRQHandler                        0x08001ab1   Thumb Code     6  stm32f4xx_it.o(i.OTG_FS_IRQHandler)
    PendSV_Handler                           0x08001c2b   Thumb Code     2  stm32f4xx_it.o(i.PendSV_Handler)
    SCSI_ProcessCmd                          0x08001cc5   Thumb Code   406  usbd_msc_scsi.o(i.SCSI_ProcessCmd)
    SCSI_SenseCode                           0x080022cb   Thumb Code    64  usbd_msc_scsi.o(i.SCSI_SenseCode)
    SPI1_IRQHandler                          0x080024b9   Thumb Code     6  stm32f4xx_it.o(i.SPI1_IRQHandler)
    SVC_Handler                              0x080024fb   Thumb Code     2  stm32f4xx_it.o(i.SVC_Handler)
    SysTick_Handler                          0x08002507   Thumb Code     4  stm32f4xx_it.o(i.SysTick_Handler)
    SystemClock_Config                       0x0800250d   Thumb Code   124  main.o(i.SystemClock_Config)
    SystemInit                               0x08002591   Thumb Code    22  system_stm32f4xx.o(i.SystemInit)
    USBD_ClrClassConfig                      0x080025ad   Thumb Code    16  usbd_core.o(i.USBD_ClrClassConfig)
    USBD_CtlContinueRx                       0x080025bd   Thumb Code    16  usbd_ioreq.o(i.USBD_CtlContinueRx)
    USBD_CtlContinueSendData                 0x080025cd   Thumb Code    16  usbd_ioreq.o(i.USBD_CtlContinueSendData)
    USBD_CtlError                            0x080025dd   Thumb Code    22  usbd_ctlreq.o(i.USBD_CtlError)
    USBD_CtlReceiveStatus                    0x080025f3   Thumb Code    22  usbd_ioreq.o(i.USBD_CtlReceiveStatus)
    USBD_CtlSendData                         0x08002609   Thumb Code    26  usbd_ioreq.o(i.USBD_CtlSendData)
    USBD_CtlSendStatus                       0x08002623   Thumb Code    22  usbd_ioreq.o(i.USBD_CtlSendStatus)
    USBD_FS_ConfigStrDescriptor              0x08002639   Thumb Code    16  usbd_desc.o(i.USBD_FS_ConfigStrDescriptor)
    USBD_FS_DeviceDescriptor                 0x08002659   Thumb Code     8  usbd_desc.o(i.USBD_FS_DeviceDescriptor)
    USBD_FS_InterfaceStrDescriptor           0x08002665   Thumb Code    16  usbd_desc.o(i.USBD_FS_InterfaceStrDescriptor)
    USBD_FS_LangIDStrDescriptor              0x08002689   Thumb Code     8  usbd_desc.o(i.USBD_FS_LangIDStrDescriptor)
    USBD_FS_ManufacturerStrDescriptor        0x08002695   Thumb Code    16  usbd_desc.o(i.USBD_FS_ManufacturerStrDescriptor)
    USBD_FS_ProductStrDescriptor             0x080026bd   Thumb Code    16  usbd_desc.o(i.USBD_FS_ProductStrDescriptor)
    USBD_FS_SerialStrDescriptor              0x080026e5   Thumb Code    48  usbd_desc.o(i.USBD_FS_SerialStrDescriptor)
    USBD_GetString                           0x08002803   Thumb Code    72  usbd_ctlreq.o(i.USBD_GetString)
    USBD_Get_USB_Status                      0x0800284b   Thumb Code    24  usbd_conf.o(i.USBD_Get_USB_Status)
    USBD_Init                                0x08002863   Thumb Code    52  usbd_core.o(i.USBD_Init)
    USBD_LL_ClearStallEP                     0x08002897   Thumb Code    18  usbd_conf.o(i.USBD_LL_ClearStallEP)
    USBD_LL_CloseEP                          0x080028a9   Thumb Code    18  usbd_conf.o(i.USBD_LL_CloseEP)
    USBD_LL_DataInStage                      0x080028bb   Thumb Code   170  usbd_core.o(i.USBD_LL_DataInStage)
    USBD_LL_DataOutStage                     0x08002965   Thumb Code   110  usbd_core.o(i.USBD_LL_DataOutStage)
    USBD_LL_DevConnected                     0x080029d3   Thumb Code     4  usbd_core.o(i.USBD_LL_DevConnected)
    USBD_LL_DevDisconnected                  0x080029d7   Thumb Code    24  usbd_core.o(i.USBD_LL_DevDisconnected)
    USBD_LL_FlushEP                          0x080029ef   Thumb Code    18  usbd_conf.o(i.USBD_LL_FlushEP)
    USBD_LL_GetRxDataSize                    0x08002a01   Thumb Code     8  usbd_conf.o(i.USBD_LL_GetRxDataSize)
    USBD_LL_Init                             0x08002a09   Thumb Code    90  usbd_conf.o(i.USBD_LL_Init)
    USBD_LL_IsStallEP                        0x08002a69   Thumb Code    32  usbd_conf.o(i.USBD_LL_IsStallEP)
    USBD_LL_IsoINIncomplete                  0x08002a89   Thumb Code     4  usbd_core.o(i.USBD_LL_IsoINIncomplete)
    USBD_LL_IsoOUTIncomplete                 0x08002a8d   Thumb Code     4  usbd_core.o(i.USBD_LL_IsoOUTIncomplete)
    USBD_LL_OpenEP                           0x08002a91   Thumb Code    24  usbd_conf.o(i.USBD_LL_OpenEP)
    USBD_LL_PrepareReceive                   0x08002aa9   Thumb Code    18  usbd_conf.o(i.USBD_LL_PrepareReceive)
    USBD_LL_Reset                            0x08002abb   Thumb Code    82  usbd_core.o(i.USBD_LL_Reset)
    USBD_LL_Resume                           0x08002b0d   Thumb Code    20  usbd_core.o(i.USBD_LL_Resume)
    USBD_LL_SOF                              0x08002b21   Thumb Code    24  usbd_core.o(i.USBD_LL_SOF)
    USBD_LL_SetSpeed                         0x08002b39   Thumb Code     6  usbd_core.o(i.USBD_LL_SetSpeed)
    USBD_LL_SetUSBAddress                    0x08002b3f   Thumb Code    18  usbd_conf.o(i.USBD_LL_SetUSBAddress)
    USBD_LL_SetupStage                       0x08002b51   Thumb Code    96  usbd_core.o(i.USBD_LL_SetupStage)
    USBD_LL_StallEP                          0x08002bb1   Thumb Code    18  usbd_conf.o(i.USBD_LL_StallEP)
    USBD_LL_Start                            0x08002bc3   Thumb Code    18  usbd_conf.o(i.USBD_LL_Start)
    USBD_LL_Suspend                          0x08002bd5   Thumb Code    18  usbd_core.o(i.USBD_LL_Suspend)
    USBD_LL_Transmit                         0x08002be7   Thumb Code    18  usbd_conf.o(i.USBD_LL_Transmit)
    USBD_MSC_DataIn                          0x08002bf9   Thumb Code    10  usbd_msc.o(i.USBD_MSC_DataIn)
    USBD_MSC_DataOut                         0x08002c03   Thumb Code    10  usbd_msc.o(i.USBD_MSC_DataOut)
    USBD_MSC_DeInit                          0x08002c0d   Thumb Code    50  usbd_msc.o(i.USBD_MSC_DeInit)
    USBD_MSC_GetDeviceQualifierDescriptor    0x08002c41   Thumb Code     8  usbd_msc.o(i.USBD_MSC_GetDeviceQualifierDescriptor)
    USBD_MSC_GetFSCfgDesc                    0x08002c4d   Thumb Code     8  usbd_msc.o(i.USBD_MSC_GetFSCfgDesc)
    USBD_MSC_GetHSCfgDesc                    0x08002c59   Thumb Code     8  usbd_msc.o(i.USBD_MSC_GetHSCfgDesc)
    USBD_MSC_GetOtherSpeedCfgDesc            0x08002c65   Thumb Code     8  usbd_msc.o(i.USBD_MSC_GetOtherSpeedCfgDesc)
    USBD_MSC_Init                            0x08002c71   Thumb Code    98  usbd_msc.o(i.USBD_MSC_Init)
    USBD_MSC_RegisterStorage                 0x08002cd3   Thumb Code    14  usbd_msc.o(i.USBD_MSC_RegisterStorage)
    USBD_MSC_Setup                           0x08002ce1   Thumb Code   204  usbd_msc.o(i.USBD_MSC_Setup)
    USBD_ParseSetupRequest                   0x08002dad   Thumb Code    44  usbd_ctlreq.o(i.USBD_ParseSetupRequest)
    USBD_RegisterClass                       0x08002dd9   Thumb Code    34  usbd_core.o(i.USBD_RegisterClass)
    USBD_SetClassConfig                      0x08002dfb   Thumb Code    20  usbd_core.o(i.USBD_SetClassConfig)
    USBD_Start                               0x08002ecd   Thumb Code     4  usbd_core.o(i.USBD_Start)
    USBD_StdDevReq                           0x08002ed1   Thumb Code   276  usbd_ctlreq.o(i.USBD_StdDevReq)
    USBD_StdEPReq                            0x08002fe5   Thumb Code   332  usbd_ctlreq.o(i.USBD_StdEPReq)
    USBD_StdItfReq                           0x08003131   Thumb Code    82  usbd_ctlreq.o(i.USBD_StdItfReq)
    USB_ActivateEndpoint                     0x08003185   Thumb Code   122  stm32f4xx_ll_usb.o(i.USB_ActivateEndpoint)
    USB_ActivateSetup                        0x08003205   Thumb Code    28  stm32f4xx_ll_usb.o(i.USB_ActivateSetup)
    USB_CoreInit                             0x08003221   Thumb Code   112  stm32f4xx_ll_usb.o(i.USB_CoreInit)
    USB_DeactivateEndpoint                   0x080032cd   Thumb Code   194  stm32f4xx_ll_usb.o(i.USB_DeactivateEndpoint)
    USB_DevConnect                           0x08003399   Thumb Code    28  stm32f4xx_ll_usb.o(i.USB_DevConnect)
    USB_DevDisconnect                        0x080033b5   Thumb Code    28  stm32f4xx_ll_usb.o(i.USB_DevDisconnect)
    USB_DevInit                              0x080033d1   Thumb Code   362  stm32f4xx_ll_usb.o(i.USB_DevInit)
    USB_DisableGlobalInt                     0x08003545   Thumb Code    12  stm32f4xx_ll_usb.o(i.USB_DisableGlobalInt)
    USB_EP0StartXfer                         0x08003551   Thumb Code   276  stm32f4xx_ll_usb.o(i.USB_EP0StartXfer)
    USB_EP0_OutStart                         0x08003669   Thumb Code    84  stm32f4xx_ll_usb.o(i.USB_EP0_OutStart)
    USB_EPClearStall                         0x080036c1   Thumb Code    88  stm32f4xx_ll_usb.o(i.USB_EPClearStall)
    USB_EPSetStall                           0x08003719   Thumb Code    88  stm32f4xx_ll_usb.o(i.USB_EPSetStall)
    USB_EPStartXfer                          0x08003771   Thumb Code   482  stm32f4xx_ll_usb.o(i.USB_EPStartXfer)
    USB_EnableGlobalInt                      0x08003959   Thumb Code    12  stm32f4xx_ll_usb.o(i.USB_EnableGlobalInt)
    USB_FlushRxFifo                          0x08003965   Thumb Code    28  stm32f4xx_ll_usb.o(i.USB_FlushRxFifo)
    USB_FlushTxFifo                          0x08003985   Thumb Code    32  stm32f4xx_ll_usb.o(i.USB_FlushTxFifo)
    USB_GetDevSpeed                          0x080039a9   Thumb Code    26  stm32f4xx_ll_usb.o(i.USB_GetDevSpeed)
    USB_GetMode                              0x080039c3   Thumb Code     8  stm32f4xx_ll_usb.o(i.USB_GetMode)
    USB_ReadDevAllInEpInterrupt              0x080039cb   Thumb Code    14  stm32f4xx_ll_usb.o(i.USB_ReadDevAllInEpInterrupt)
    USB_ReadDevAllOutEpInterrupt             0x080039d9   Thumb Code    14  stm32f4xx_ll_usb.o(i.USB_ReadDevAllOutEpInterrupt)
    USB_ReadDevInEPInterrupt                 0x080039e7   Thumb Code    36  stm32f4xx_ll_usb.o(i.USB_ReadDevInEPInterrupt)
    USB_ReadDevOutEPInterrupt                0x08003a0b   Thumb Code    16  stm32f4xx_ll_usb.o(i.USB_ReadDevOutEPInterrupt)
    USB_ReadInterrupts                       0x08003a1b   Thumb Code     8  stm32f4xx_ll_usb.o(i.USB_ReadInterrupts)
    USB_ReadPacket                           0x08003a23   Thumb Code    28  stm32f4xx_ll_usb.o(i.USB_ReadPacket)
    USB_SetCurrentMode                       0x08003a3f   Thumb Code    46  stm32f4xx_ll_usb.o(i.USB_SetCurrentMode)
    USB_SetDevAddress                        0x08003a6d   Thumb Code    34  stm32f4xx_ll_usb.o(i.USB_SetDevAddress)
    USB_SetTurnaroundTime                    0x08003a91   Thumb Code   158  stm32f4xx_ll_usb.o(i.USB_SetTurnaroundTime)
    USB_WritePacket                          0x08003b79   Thumb Code    36  stm32f4xx_ll_usb.o(i.USB_WritePacket)
    UsageFault_Handler                       0x08003b9d   Thumb Code     2  stm32f4xx_it.o(i.UsageFault_Handler)
    __scatterload_copy                       0x08003bbf   Thumb Code    14  handlers.o(i.__scatterload_copy)
    __scatterload_null                       0x08003bcd   Thumb Code     2  handlers.o(i.__scatterload_null)
    __scatterload_zeroinit                   0x08003bcf   Thumb Code    14  handlers.o(i.__scatterload_zeroinit)
    free                                     0x08003bdd   Thumb Code    76  malloc.o(i.free)
    main                                     0x08003c2d   Thumb Code    22  main.o(i.main)
    malloc                                   0x08003c45   Thumb Code    92  malloc.o(i.malloc)
    STORAGE_Inquirydata_FS                   0x08003cb0   Data          36  usbd_storage_if.o(.constdata)
    AHBPrescTable                            0x08003cd4   Data          16  system_stm32f4xx.o(.constdata)
    Region$$Table$$Base                      0x08003ce4   Number         0  anon$$obj.o(Region$$Table)
    Region$$Table$$Limit                     0x08003d04   Number         0  anon$$obj.o(Region$$Table)
    FS_Desc                                  0x20000000   Data          28  usbd_desc.o(.data)
    USBD_LangIDDesc                          0x2000001c   Data           4  usbd_desc.o(.data)
    USBD_FS_DeviceDesc                       0x20000020   Data          18  usbd_desc.o(.data)
    USBD_StringSerial                        0x20000034   Data          26  usbd_desc.o(.data)
    USBD_Storage_Interface_fops_FS           0x20000050   Data          32  usbd_storage_if.o(.data)
    uwTickFreq                               0x20000070   Data           1  stm32f4xx_hal.o(.data)
    uwTickPrio                               0x20000074   Data           4  stm32f4xx_hal.o(.data)
    uwTick                                   0x20000078   Data           4  stm32f4xx_hal.o(.data)
    SystemCoreClock                          0x2000007c   Data           4  system_stm32f4xx.o(.data)
    USBD_MSC                                 0x20000084   Data          56  usbd_msc.o(.data)
    MSC_Page00_Inquiry_Data                  0x20000126   Data           6  usbd_msc_data.o(.data)
    MSC_Page80_Inquiry_Data                  0x2000012c   Data           8  usbd_msc_data.o(.data)
    MSC_Mode_Sense6_data                     0x20000134   Data          23  usbd_msc_data.o(.data)
    MSC_Mode_Sense10_data                    0x2000014b   Data          27  usbd_msc_data.o(.data)
    __microlib_freelist                      0x20000168   Data           4  mvars.o(.data)
    __microlib_freelist_initialised          0x2000016c   Data           4  mvars.o(.data)
    hspi1                                    0x20000170   Data          88  spi.o(.bss)
    hUsbDeviceFS                             0x200001c8   Data         720  usb_device.o(.bss)
    USBD_StrDesc                             0x20000498   Data         512  usbd_desc.o(.bss)
    hpcd_USB_OTG_FS                          0x20000698   Data        1032  usbd_conf.o(.bss)
    __heap_base                              0x20000aa0   Data           0  startup_stm32f407xx.o(HEAP)
    __heap_limit                             0x20001ca0   Data           0  startup_stm32f407xx.o(HEAP)
    __initial_sp                             0x200024a0   Data           0  startup_stm32f407xx.o(STACK)



==============================================================================

Memory Map of the image

  Image Entry point : 0x08000189

  Load Region LR_IROM1 (Base: 0x08000000, Size: 0x00003e74, Max: 0x00080000, ABSOLUTE, COMPRESSED[0x00003dbc])

    Execution Region ER_IROM1 (Exec base: 0x08000000, Load base: 0x08000000, Size: 0x00003d04, Max: 0x00080000, ABSOLUTE)

    Exec Addr    Load Addr    Size         Type   Attr      Idx    E Section Name        Object

    0x08000000   0x08000000   0x00000188   Data   RO            3    RESET               startup_stm32f407xx.o
    0x08000188   0x08000188   0x00000000   Code   RO         3394  * .ARM.Collect$$$$00000000  mc_w.l(entry.o)
    0x08000188   0x08000188   0x00000004   Code   RO         3433    .ARM.Collect$$$$00000001  mc_w.l(entry2.o)
    0x0800018c   0x0800018c   0x00000004   Code   RO         3436    .ARM.Collect$$$$00000004  mc_w.l(entry5.o)
    0x08000190   0x08000190   0x00000000   Code   RO         3438    .ARM.Collect$$$$00000008  mc_w.l(entry7b.o)
    0x08000190   0x08000190   0x00000000   Code   RO         3440    .ARM.Collect$$$$0000000A  mc_w.l(entry8b.o)
    0x08000190   0x08000190   0x00000008   Code   RO         3441    .ARM.Collect$$$$0000000B  mc_w.l(entry9a.o)
    0x08000198   0x08000198   0x00000000   Code   RO         3443    .ARM.Collect$$$$0000000D  mc_w.l(entry10a.o)
    0x08000198   0x08000198   0x00000000   Code   RO         3445    .ARM.Collect$$$$0000000F  mc_w.l(entry11a.o)
    0x08000198   0x08000198   0x00000004   Code   RO         3434    .ARM.Collect$$$$00002712  mc_w.l(entry2.o)
    0x0800019c   0x0800019c   0x00000024   Code   RO            4    .text               startup_stm32f407xx.o
    0x080001c0   0x080001c0   0x00000062   Code   RO         3397    .text               mc_w.l(uldiv.o)
    0x08000222   0x08000222   0x00000024   Code   RO         3399    .text               mc_w.l(memcpya.o)
    0x08000246   0x08000246   0x00000024   Code   RO         3401    .text               mc_w.l(memseta.o)
    0x0800026a   0x0800026a   0x0000001e   Code   RO         3447    .text               mc_w.l(llshl.o)
    0x08000288   0x08000288   0x00000020   Code   RO         3449    .text               mc_w.l(llushr.o)
    0x080002a8   0x080002a8   0x00000024   Code   RO         3453    .text               mc_w.l(init.o)
    0x080002cc   0x080002cc   0x00000056   Code   RO         3463    .text               mc_w.l(__dczerorl2.o)
    0x08000322   0x08000322   0x00000002   Code   RO          241    i.BusFault_Handler  stm32f4xx_it.o
    0x08000324   0x08000324   0x00000002   Code   RO          242    i.DebugMon_Handler  stm32f4xx_it.o
    0x08000326   0x08000326   0x00000002   Code   RO           13    i.Error_Handler     main.o
    0x08000328   0x08000328   0x00000024   Code   RO         1780    i.HAL_DMA_Abort_IT  stm32f4xx_hal_dma.o
    0x0800034c   0x0800034c   0x00000024   Code   RO         2198    i.HAL_Delay         stm32f4xx_hal.o
    0x08000370   0x08000370   0x000001b8   Code   RO         1672    i.HAL_GPIO_Init     stm32f4xx_hal_gpio.o
    0x08000528   0x08000528   0x0000000a   Code   RO         1676    i.HAL_GPIO_WritePin  stm32f4xx_hal_gpio.o
    0x08000532   0x08000532   0x00000002   PAD
    0x08000534   0x08000534   0x0000000c   Code   RO         2204    i.HAL_GetTick       stm32f4xx_hal.o
    0x08000540   0x08000540   0x00000010   Code   RO         2210    i.HAL_IncTick       stm32f4xx_hal.o
    0x08000550   0x08000550   0x00000034   Code   RO         2211    i.HAL_Init          stm32f4xx_hal.o
    0x08000584   0x08000584   0x00000040   Code   RO         2212    i.HAL_InitTick      stm32f4xx_hal.o
    0x080005c4   0x080005c4   0x00000030   Code   RO          329    i.HAL_MspInit       stm32f4xx_hal_msp.o
    0x080005f4   0x080005f4   0x0000001a   Code   RO         2061    i.HAL_NVIC_EnableIRQ  stm32f4xx_hal_cortex.o
    0x0800060e   0x0800060e   0x00000002   PAD
    0x08000610   0x08000610   0x00000040   Code   RO         2067    i.HAL_NVIC_SetPriority  stm32f4xx_hal_cortex.o
    0x08000650   0x08000650   0x00000024   Code   RO         2068    i.HAL_NVIC_SetPriorityGrouping  stm32f4xx_hal_cortex.o
    0x08000674   0x08000674   0x00000002   Code   RO          976    i.HAL_PCDEx_LPM_Callback  stm32f4xx_hal_pcd_ex.o
    0x08000676   0x08000676   0x00000008   Code   RO          977    i.HAL_PCDEx_SetRxFiFo  stm32f4xx_hal_pcd_ex.o
    0x0800067e   0x0800067e   0x00000044   Code   RO          978    i.HAL_PCDEx_SetTxFiFo  stm32f4xx_hal_pcd_ex.o
    0x080006c2   0x080006c2   0x00000008   Code   RO          554    i.HAL_PCD_ConnectCallback  usbd_conf.o
    0x080006ca   0x080006ca   0x00000012   Code   RO          555    i.HAL_PCD_DataInStageCallback  usbd_conf.o
    0x080006dc   0x080006dc   0x00000014   Code   RO          556    i.HAL_PCD_DataOutStageCallback  usbd_conf.o
    0x080006f0   0x080006f0   0x00000008   Code   RO          557    i.HAL_PCD_DisconnectCallback  usbd_conf.o
    0x080006f8   0x080006f8   0x0000004c   Code   RO          758    i.HAL_PCD_EP_Close  stm32f4xx_hal_pcd.o
    0x08000744   0x08000744   0x0000005c   Code   RO          759    i.HAL_PCD_EP_ClrStall  stm32f4xx_hal_pcd.o
    0x080007a0   0x080007a0   0x00000034   Code   RO          760    i.HAL_PCD_EP_Flush  stm32f4xx_hal_pcd.o
    0x080007d4   0x080007d4   0x00000012   Code   RO          761    i.HAL_PCD_EP_GetRxCount  stm32f4xx_hal_pcd.o
    0x080007e6   0x080007e6   0x00000060   Code   RO          762    i.HAL_PCD_EP_Open   stm32f4xx_hal_pcd.o
    0x08000846   0x08000846   0x00000048   Code   RO          763    i.HAL_PCD_EP_Receive  stm32f4xx_hal_pcd.o
    0x0800088e   0x0800088e   0x00000074   Code   RO          764    i.HAL_PCD_EP_SetStall  stm32f4xx_hal_pcd.o
    0x08000902   0x08000902   0x00000040   Code   RO          765    i.HAL_PCD_EP_Transmit  stm32f4xx_hal_pcd.o
    0x08000942   0x08000942   0x00000002   PAD
    0x08000944   0x08000944   0x00000434   Code   RO          767    i.HAL_PCD_IRQHandler  stm32f4xx_hal_pcd.o
    0x08000d78   0x08000d78   0x00000008   Code   RO          558    i.HAL_PCD_ISOINIncompleteCallback  usbd_conf.o
    0x08000d80   0x08000d80   0x00000008   Code   RO          559    i.HAL_PCD_ISOOUTIncompleteCallback  usbd_conf.o
    0x08000d88   0x08000d88   0x000000e2   Code   RO          770    i.HAL_PCD_Init      stm32f4xx_hal_pcd.o
    0x08000e6a   0x08000e6a   0x00000002   PAD
    0x08000e6c   0x08000e6c   0x00000084   Code   RO          561    i.HAL_PCD_MspInit   usbd_conf.o
    0x08000ef0   0x08000ef0   0x0000002c   Code   RO          562    i.HAL_PCD_ResetCallback  usbd_conf.o
    0x08000f1c   0x08000f1c   0x00000008   Code   RO          563    i.HAL_PCD_ResumeCallback  usbd_conf.o
    0x08000f24   0x08000f24   0x00000008   Code   RO          564    i.HAL_PCD_SOFCallback  usbd_conf.o
    0x08000f2c   0x08000f2c   0x00000028   Code   RO          776    i.HAL_PCD_SetAddress  stm32f4xx_hal_pcd.o
    0x08000f54   0x08000f54   0x0000000e   Code   RO          565    i.HAL_PCD_SetupStageCallback  usbd_conf.o
    0x08000f62   0x08000f62   0x00000042   Code   RO          778    i.HAL_PCD_Start     stm32f4xx_hal_pcd.o
    0x08000fa4   0x08000fa4   0x00000030   Code   RO          566    i.HAL_PCD_SuspendCallback  usbd_conf.o
    0x08000fd4   0x08000fd4   0x00000134   Code   RO         1318    i.HAL_RCC_ClockConfig  stm32f4xx_hal_rcc.o
    0x08001108   0x08001108   0x0000000c   Code   RO         1323    i.HAL_RCC_GetHCLKFreq  stm32f4xx_hal_rcc.o
    0x08001114   0x08001114   0x00000060   Code   RO         1327    i.HAL_RCC_GetSysClockFreq  stm32f4xx_hal_rcc.o
    0x08001174   0x08001174   0x0000035c   Code   RO         1330    i.HAL_RCC_OscConfig  stm32f4xx_hal_rcc.o
    0x080014d0   0x080014d0   0x00000002   Code   RO         2456    i.HAL_SPI_ErrorCallback  stm32f4xx_hal_spi.o
    0x080014d2   0x080014d2   0x00000002   PAD
    0x080014d4   0x080014d4   0x000000fc   Code   RO         2459    i.HAL_SPI_IRQHandler  stm32f4xx_hal_spi.o
    0x080015d0   0x080015d0   0x00000080   Code   RO         2460    i.HAL_SPI_Init      stm32f4xx_hal_spi.o
    0x08001650   0x08001650   0x00000078   Code   RO          200    i.HAL_SPI_MspInit   spi.o
    0x080016c8   0x080016c8   0x00000028   Code   RO         2072    i.HAL_SYSTICK_Config  stm32f4xx_hal_cortex.o
    0x080016f0   0x080016f0   0x00000002   Code   RO          243    i.HardFault_Handler  stm32f4xx_it.o
    0x080016f2   0x080016f2   0x00000002   PAD
    0x080016f4   0x080016f4   0x00000038   Code   RO          407    i.IntToUnicode      usbd_desc.o
    0x0800172c   0x0800172c   0x00000044   Code   RO         3201    i.MSC_BOT_Abort     usbd_msc_bot.o
    0x08001770   0x08001770   0x000000cc   Code   RO         3202    i.MSC_BOT_CBW_Decode  usbd_msc_bot.o
    0x0800183c   0x0800183c   0x00000038   Code   RO         3203    i.MSC_BOT_CplClrFeature  usbd_msc_bot.o
    0x08001874   0x08001874   0x0000003a   Code   RO         3204    i.MSC_BOT_DataIn    usbd_msc_bot.o
    0x080018ae   0x080018ae   0x0000003a   Code   RO         3205    i.MSC_BOT_DataOut   usbd_msc_bot.o
    0x080018e8   0x080018e8   0x0000000a   Code   RO         3206    i.MSC_BOT_DeInit    usbd_msc_bot.o
    0x080018f2   0x080018f2   0x00000046   Code   RO         3207    i.MSC_BOT_Init      usbd_msc_bot.o
    0x08001938   0x08001938   0x00000032   Code   RO         3208    i.MSC_BOT_Reset     usbd_msc_bot.o
    0x0800196a   0x0800196a   0x00000002   PAD
    0x0800196c   0x0800196c   0x0000003c   Code   RO         3209    i.MSC_BOT_SendCSW   usbd_msc_bot.o
    0x080019a8   0x080019a8   0x0000006c   Code   RO          175    i.MX_GPIO_Init      gpio.o
    0x08001a14   0x08001a14   0x00000044   Code   RO          201    i.MX_SPI1_Init      spi.o
    0x08001a58   0x08001a58   0x00000054   Code   RO          353    i.MX_USB_DEVICE_Init  usb_device.o
    0x08001aac   0x08001aac   0x00000002   Code   RO          244    i.MemManage_Handler  stm32f4xx_it.o
    0x08001aae   0x08001aae   0x00000002   Code   RO          245    i.NMI_Handler       stm32f4xx_it.o
    0x08001ab0   0x08001ab0   0x0000000c   Code   RO          246    i.OTG_FS_IRQHandler  stm32f4xx_it.o
    0x08001abc   0x08001abc   0x000000cc   Code   RO          782    i.PCD_EP_OutXfrComplete_int  stm32f4xx_hal_pcd.o
    0x08001b88   0x08001b88   0x000000a2   Code   RO          783    i.PCD_WriteEmptyTxFifo  stm32f4xx_hal_pcd.o
    0x08001c2a   0x08001c2a   0x00000002   Code   RO          247    i.PendSV_Handler    stm32f4xx_it.o
    0x08001c2c   0x08001c2c   0x00000022   Code   RO         3298    i.SCSI_CheckAddressRange  usbd_msc_scsi.o
    0x08001c4e   0x08001c4e   0x00000002   PAD
    0x08001c50   0x08001c50   0x00000074   Code   RO         3299    i.SCSI_Inquiry      usbd_msc_scsi.o
    0x08001cc4   0x08001cc4   0x000001a0   Code   RO         3300    i.SCSI_ProcessCmd   usbd_msc_scsi.o
    0x08001e64   0x08001e64   0x00000096   Code   RO         3301    i.SCSI_ProcessRead  usbd_msc_scsi.o
    0x08001efa   0x08001efa   0x000000a2   Code   RO         3302    i.SCSI_ProcessWrite  usbd_msc_scsi.o
    0x08001f9c   0x08001f9c   0x000000a8   Code   RO         3303    i.SCSI_Read10       usbd_msc_scsi.o
    0x08002044   0x08002044   0x000000ae   Code   RO         3304    i.SCSI_Read12       usbd_msc_scsi.o
    0x080020f2   0x080020f2   0x0000005e   Code   RO         3305    i.SCSI_ReadCapacity10  usbd_msc_scsi.o
    0x08002150   0x08002150   0x00000092   Code   RO         3306    i.SCSI_ReadCapacity16  usbd_msc_scsi.o
    0x080021e2   0x080021e2   0x0000006e   Code   RO         3307    i.SCSI_ReadFormatCapacity  usbd_msc_scsi.o
    0x08002250   0x08002250   0x0000007a   Code   RO         3308    i.SCSI_RequestSense  usbd_msc_scsi.o
    0x080022ca   0x080022ca   0x00000040   Code   RO         3309    i.SCSI_SenseCode    usbd_msc_scsi.o
    0x0800230a   0x0800230a   0x00000018   Code   RO         3310    i.SCSI_UpdateBotData  usbd_msc_scsi.o
    0x08002322   0x08002322   0x000000c4   Code   RO         3311    i.SCSI_Write10      usbd_msc_scsi.o
    0x080023e6   0x080023e6   0x000000d0   Code   RO         3312    i.SCSI_Write12      usbd_msc_scsi.o
    0x080024b6   0x080024b6   0x00000002   PAD
    0x080024b8   0x080024b8   0x0000000c   Code   RO          248    i.SPI1_IRQHandler   stm32f4xx_it.o
    0x080024c4   0x080024c4   0x00000010   Code   RO         2487    i.SPI_DMAAbortOnError  stm32f4xx_hal_spi.o
    0x080024d4   0x080024d4   0x0000000e   Code   RO          493    i.STORAGE_GetCapacity_FS  usbd_storage_if.o
    0x080024e2   0x080024e2   0x00000004   Code   RO          494    i.STORAGE_GetMaxLun_FS  usbd_storage_if.o
    0x080024e6   0x080024e6   0x00000004   Code   RO          495    i.STORAGE_Init_FS   usbd_storage_if.o
    0x080024ea   0x080024ea   0x00000004   Code   RO          496    i.STORAGE_IsReady_FS  usbd_storage_if.o
    0x080024ee   0x080024ee   0x00000004   Code   RO          497    i.STORAGE_IsWriteProtected_FS  usbd_storage_if.o
    0x080024f2   0x080024f2   0x00000004   Code   RO          498    i.STORAGE_Read_FS   usbd_storage_if.o
    0x080024f6   0x080024f6   0x00000004   Code   RO          499    i.STORAGE_Write_FS  usbd_storage_if.o
    0x080024fa   0x080024fa   0x00000002   Code   RO          249    i.SVC_Handler       stm32f4xx_it.o
    0x080024fc   0x080024fc   0x0000000a   Code   RO         2983    i.SWAPBYTE          usbd_ctlreq.o
    0x08002506   0x08002506   0x00000004   Code   RO          250    i.SysTick_Handler   stm32f4xx_it.o
    0x0800250a   0x0800250a   0x00000002   PAD
    0x0800250c   0x0800250c   0x00000084   Code   RO           14    i.SystemClock_Config  main.o
    0x08002590   0x08002590   0x0000001c   Code   RO         2808    i.SystemInit        system_stm32f4xx.o
    0x080025ac   0x080025ac   0x00000010   Code   RO         2845    i.USBD_ClrClassConfig  usbd_core.o
    0x080025bc   0x080025bc   0x00000010   Code   RO         3056    i.USBD_CtlContinueRx  usbd_ioreq.o
    0x080025cc   0x080025cc   0x00000010   Code   RO         3057    i.USBD_CtlContinueSendData  usbd_ioreq.o
    0x080025dc   0x080025dc   0x00000016   Code   RO         2984    i.USBD_CtlError     usbd_ctlreq.o
    0x080025f2   0x080025f2   0x00000016   Code   RO         3059    i.USBD_CtlReceiveStatus  usbd_ioreq.o
    0x08002608   0x08002608   0x0000001a   Code   RO         3060    i.USBD_CtlSendData  usbd_ioreq.o
    0x08002622   0x08002622   0x00000016   Code   RO         3061    i.USBD_CtlSendStatus  usbd_ioreq.o
    0x08002638   0x08002638   0x00000020   Code   RO          408    i.USBD_FS_ConfigStrDescriptor  usbd_desc.o
    0x08002658   0x08002658   0x0000000c   Code   RO          409    i.USBD_FS_DeviceDescriptor  usbd_desc.o
    0x08002664   0x08002664   0x00000024   Code   RO          410    i.USBD_FS_InterfaceStrDescriptor  usbd_desc.o
    0x08002688   0x08002688   0x0000000c   Code   RO          411    i.USBD_FS_LangIDStrDescriptor  usbd_desc.o
    0x08002694   0x08002694   0x00000028   Code   RO          412    i.USBD_FS_ManufacturerStrDescriptor  usbd_desc.o
    0x080026bc   0x080026bc   0x00000028   Code   RO          413    i.USBD_FS_ProductStrDescriptor  usbd_desc.o
    0x080026e4   0x080026e4   0x00000038   Code   RO          414    i.USBD_FS_SerialStrDescriptor  usbd_desc.o
    0x0800271c   0x0800271c   0x000000e6   Code   RO         2985    i.USBD_GetDescriptor  usbd_ctlreq.o
    0x08002802   0x08002802   0x00000048   Code   RO         2986    i.USBD_GetString    usbd_ctlreq.o
    0x0800284a   0x0800284a   0x00000018   Code   RO          567    i.USBD_Get_USB_Status  usbd_conf.o
    0x08002862   0x08002862   0x00000034   Code   RO         2847    i.USBD_Init         usbd_core.o
    0x08002896   0x08002896   0x00000012   Code   RO          568    i.USBD_LL_ClearStallEP  usbd_conf.o
    0x080028a8   0x080028a8   0x00000012   Code   RO          569    i.USBD_LL_CloseEP   usbd_conf.o
    0x080028ba   0x080028ba   0x000000aa   Code   RO         2848    i.USBD_LL_DataInStage  usbd_core.o
    0x08002964   0x08002964   0x0000006e   Code   RO         2849    i.USBD_LL_DataOutStage  usbd_core.o
    0x080029d2   0x080029d2   0x00000004   Code   RO         2850    i.USBD_LL_DevConnected  usbd_core.o
    0x080029d6   0x080029d6   0x00000018   Code   RO         2851    i.USBD_LL_DevDisconnected  usbd_core.o
    0x080029ee   0x080029ee   0x00000012   Code   RO          572    i.USBD_LL_FlushEP   usbd_conf.o
    0x08002a00   0x08002a00   0x00000008   Code   RO          573    i.USBD_LL_GetRxDataSize  usbd_conf.o
    0x08002a08   0x08002a08   0x00000060   Code   RO          574    i.USBD_LL_Init      usbd_conf.o
    0x08002a68   0x08002a68   0x00000020   Code   RO          575    i.USBD_LL_IsStallEP  usbd_conf.o
    0x08002a88   0x08002a88   0x00000004   Code   RO         2852    i.USBD_LL_IsoINIncomplete  usbd_core.o
    0x08002a8c   0x08002a8c   0x00000004   Code   RO         2853    i.USBD_LL_IsoOUTIncomplete  usbd_core.o
    0x08002a90   0x08002a90   0x00000018   Code   RO          576    i.USBD_LL_OpenEP    usbd_conf.o
    0x08002aa8   0x08002aa8   0x00000012   Code   RO          577    i.USBD_LL_PrepareReceive  usbd_conf.o
    0x08002aba   0x08002aba   0x00000052   Code   RO         2854    i.USBD_LL_Reset     usbd_core.o
    0x08002b0c   0x08002b0c   0x00000014   Code   RO         2855    i.USBD_LL_Resume    usbd_core.o
    0x08002b20   0x08002b20   0x00000018   Code   RO         2856    i.USBD_LL_SOF       usbd_core.o
    0x08002b38   0x08002b38   0x00000006   Code   RO         2857    i.USBD_LL_SetSpeed  usbd_core.o
    0x08002b3e   0x08002b3e   0x00000012   Code   RO          578    i.USBD_LL_SetUSBAddress  usbd_conf.o
    0x08002b50   0x08002b50   0x00000060   Code   RO         2858    i.USBD_LL_SetupStage  usbd_core.o
    0x08002bb0   0x08002bb0   0x00000012   Code   RO          579    i.USBD_LL_StallEP   usbd_conf.o
    0x08002bc2   0x08002bc2   0x00000012   Code   RO          580    i.USBD_LL_Start     usbd_conf.o
    0x08002bd4   0x08002bd4   0x00000012   Code   RO         2859    i.USBD_LL_Suspend   usbd_core.o
    0x08002be6   0x08002be6   0x00000012   Code   RO          582    i.USBD_LL_Transmit  usbd_conf.o
    0x08002bf8   0x08002bf8   0x0000000a   Code   RO         3116    i.USBD_MSC_DataIn   usbd_msc.o
    0x08002c02   0x08002c02   0x0000000a   Code   RO         3117    i.USBD_MSC_DataOut  usbd_msc.o
    0x08002c0c   0x08002c0c   0x00000032   Code   RO         3118    i.USBD_MSC_DeInit   usbd_msc.o
    0x08002c3e   0x08002c3e   0x00000002   PAD
    0x08002c40   0x08002c40   0x0000000c   Code   RO         3119    i.USBD_MSC_GetDeviceQualifierDescriptor  usbd_msc.o
    0x08002c4c   0x08002c4c   0x0000000c   Code   RO         3120    i.USBD_MSC_GetFSCfgDesc  usbd_msc.o
    0x08002c58   0x08002c58   0x0000000c   Code   RO         3121    i.USBD_MSC_GetHSCfgDesc  usbd_msc.o
    0x08002c64   0x08002c64   0x0000000c   Code   RO         3122    i.USBD_MSC_GetOtherSpeedCfgDesc  usbd_msc.o
    0x08002c70   0x08002c70   0x00000062   Code   RO         3123    i.USBD_MSC_Init     usbd_msc.o
    0x08002cd2   0x08002cd2   0x0000000e   Code   RO         3124    i.USBD_MSC_RegisterStorage  usbd_msc.o
    0x08002ce0   0x08002ce0   0x000000cc   Code   RO         3125    i.USBD_MSC_Setup    usbd_msc.o
    0x08002dac   0x08002dac   0x0000002c   Code   RO         2987    i.USBD_ParseSetupRequest  usbd_ctlreq.o
    0x08002dd8   0x08002dd8   0x00000022   Code   RO         2860    i.USBD_RegisterClass  usbd_core.o
    0x08002dfa   0x08002dfa   0x00000014   Code   RO         2862    i.USBD_SetClassConfig  usbd_core.o
    0x08002e0e   0x08002e0e   0x00000002   PAD
    0x08002e10   0x08002e10   0x000000bc   Code   RO         2988    i.USBD_SetConfig    usbd_ctlreq.o
    0x08002ecc   0x08002ecc   0x00000004   Code   RO         2863    i.USBD_Start        usbd_core.o
    0x08002ed0   0x08002ed0   0x00000114   Code   RO         2989    i.USBD_StdDevReq    usbd_ctlreq.o
    0x08002fe4   0x08002fe4   0x0000014c   Code   RO         2990    i.USBD_StdEPReq     usbd_ctlreq.o
    0x08003130   0x08003130   0x00000052   Code   RO         2991    i.USBD_StdItfReq    usbd_ctlreq.o
    0x08003182   0x08003182   0x00000002   PAD
    0x08003184   0x08003184   0x00000080   Code   RO         1018    i.USB_ActivateEndpoint  stm32f4xx_ll_usb.o
    0x08003204   0x08003204   0x0000001c   Code   RO         1020    i.USB_ActivateSetup  stm32f4xx_ll_usb.o
    0x08003220   0x08003220   0x00000074   Code   RO         1022    i.USB_CoreInit      stm32f4xx_ll_usb.o
    0x08003294   0x08003294   0x00000038   Code   RO         1023    i.USB_CoreReset     stm32f4xx_ll_usb.o
    0x080032cc   0x080032cc   0x000000cc   Code   RO         1026    i.USB_DeactivateEndpoint  stm32f4xx_ll_usb.o
    0x08003398   0x08003398   0x0000001c   Code   RO         1027    i.USB_DevConnect    stm32f4xx_ll_usb.o
    0x080033b4   0x080033b4   0x0000001c   Code   RO         1028    i.USB_DevDisconnect  stm32f4xx_ll_usb.o
    0x080033d0   0x080033d0   0x00000174   Code   RO         1029    i.USB_DevInit       stm32f4xx_ll_usb.o
    0x08003544   0x08003544   0x0000000c   Code   RO         1030    i.USB_DisableGlobalInt  stm32f4xx_ll_usb.o
    0x08003550   0x08003550   0x00000118   Code   RO         1033    i.USB_EP0StartXfer  stm32f4xx_ll_usb.o
    0x08003668   0x08003668   0x00000058   Code   RO         1034    i.USB_EP0_OutStart  stm32f4xx_ll_usb.o
    0x080036c0   0x080036c0   0x00000058   Code   RO         1035    i.USB_EPClearStall  stm32f4xx_ll_usb.o
    0x08003718   0x08003718   0x00000058   Code   RO         1036    i.USB_EPSetStall    stm32f4xx_ll_usb.o
    0x08003770   0x08003770   0x000001e8   Code   RO         1037    i.USB_EPStartXfer   stm32f4xx_ll_usb.o
    0x08003958   0x08003958   0x0000000c   Code   RO         1038    i.USB_EnableGlobalInt  stm32f4xx_ll_usb.o
    0x08003964   0x08003964   0x00000020   Code   RO         1039    i.USB_FlushRxFifo   stm32f4xx_ll_usb.o
    0x08003984   0x08003984   0x00000024   Code   RO         1040    i.USB_FlushTxFifo   stm32f4xx_ll_usb.o
    0x080039a8   0x080039a8   0x0000001a   Code   RO         1042    i.USB_GetDevSpeed   stm32f4xx_ll_usb.o
    0x080039c2   0x080039c2   0x00000008   Code   RO         1044    i.USB_GetMode       stm32f4xx_ll_usb.o
    0x080039ca   0x080039ca   0x0000000e   Code   RO         1051    i.USB_ReadDevAllInEpInterrupt  stm32f4xx_ll_usb.o
    0x080039d8   0x080039d8   0x0000000e   Code   RO         1052    i.USB_ReadDevAllOutEpInterrupt  stm32f4xx_ll_usb.o
    0x080039e6   0x080039e6   0x00000024   Code   RO         1053    i.USB_ReadDevInEPInterrupt  stm32f4xx_ll_usb.o
    0x08003a0a   0x08003a0a   0x00000010   Code   RO         1054    i.USB_ReadDevOutEPInterrupt  stm32f4xx_ll_usb.o
    0x08003a1a   0x08003a1a   0x00000008   Code   RO         1055    i.USB_ReadInterrupts  stm32f4xx_ll_usb.o
    0x08003a22   0x08003a22   0x0000001c   Code   RO         1056    i.USB_ReadPacket    stm32f4xx_ll_usb.o
    0x08003a3e   0x08003a3e   0x0000002e   Code   RO         1058    i.USB_SetCurrentMode  stm32f4xx_ll_usb.o
    0x08003a6c   0x08003a6c   0x00000022   Code   RO         1059    i.USB_SetDevAddress  stm32f4xx_ll_usb.o
    0x08003a8e   0x08003a8e   0x00000002   PAD
    0x08003a90   0x08003a90   0x000000e8   Code   RO         1061    i.USB_SetTurnaroundTime  stm32f4xx_ll_usb.o
    0x08003b78   0x08003b78   0x00000024   Code   RO         1064    i.USB_WritePacket   stm32f4xx_ll_usb.o
    0x08003b9c   0x08003b9c   0x00000002   Code   RO          251    i.UsageFault_Handler  stm32f4xx_it.o
    0x08003b9e   0x08003b9e   0x00000020   Code   RO         2074    i.__NVIC_SetPriority  stm32f4xx_hal_cortex.o
    0x08003bbe   0x08003bbe   0x0000000e   Code   RO         3457    i.__scatterload_copy  mc_w.l(handlers.o)
    0x08003bcc   0x08003bcc   0x00000002   Code   RO         3458    i.__scatterload_null  mc_w.l(handlers.o)
    0x08003bce   0x08003bce   0x0000000e   Code   RO         3459    i.__scatterload_zeroinit  mc_w.l(handlers.o)
    0x08003bdc   0x08003bdc   0x00000050   Code   RO         3405    i.free              mc_w.l(malloc.o)
    0x08003c2c   0x08003c2c   0x00000016   Code   RO           15    i.main              main.o
    0x08003c42   0x08003c42   0x00000002   PAD
    0x08003c44   0x08003c44   0x0000006c   Code   RO         3406    i.malloc            mc_w.l(malloc.o)
    0x08003cb0   0x08003cb0   0x00000024   Data   RO          500    .constdata          usbd_storage_if.o
    0x08003cd4   0x08003cd4   0x00000010   Data   RO         2809    .constdata          system_stm32f4xx.o
    0x08003ce4   0x08003ce4   0x00000020   Data   RO         3455    Region$$Table       anon$$obj.o


    Execution Region RW_IRAM2 (Exec base: 0x10000000, Load base: 0x08003dbc, Size: 0x00000000, Max: 0x00010000, ABSOLUTE)

    **** No section assigned to this execution region ****


    Execution Region RW_IRAM1 (Exec base: 0x20000000, Load base: 0x08003d04, Size: 0x000024a0, Max: 0x00020000, ABSOLUTE, COMPRESSED[0x000000b8])

    Exec Addr    Load Addr    Size         Type   Attr      Idx    E Section Name        Object

    0x20000000   COMPRESSED   0x0000001c   Data   RW          416    .data               usbd_desc.o
    0x2000001c   COMPRESSED   0x00000032   Data   RW          417    .data               usbd_desc.o
    0x2000004e   COMPRESSED   0x00000002   PAD
    0x20000050   COMPRESSED   0x00000020   Data   RW          501    .data               usbd_storage_if.o
    0x20000070   COMPRESSED   0x0000000c   Data   RW         2218    .data               stm32f4xx_hal.o
    0x2000007c   COMPRESSED   0x00000004   Data   RW         2811    .data               system_stm32f4xx.o
    0x20000080   COMPRESSED   0x00000001   Data   RW         2992    .data               usbd_ctlreq.o
    0x20000081   COMPRESSED   0x00000003   PAD
    0x20000084   COMPRESSED   0x00000038   Data   RW         3126    .data               usbd_msc.o
    0x200000bc   COMPRESSED   0x0000006a   Data   RW         3127    .data               usbd_msc.o
    0x20000126   COMPRESSED   0x00000006   Data   RW         3271    .data               usbd_msc_data.o
    0x2000012c   COMPRESSED   0x00000008   Data   RW         3272    .data               usbd_msc_data.o
    0x20000134   COMPRESSED   0x00000017   Data   RW         3273    .data               usbd_msc_data.o
    0x2000014b   COMPRESSED   0x0000001b   Data   RW         3274    .data               usbd_msc_data.o
    0x20000166   COMPRESSED   0x00000002   PAD
    0x20000168   COMPRESSED   0x00000004   Data   RW         3451    .data               mc_w.l(mvars.o)
    0x2000016c   COMPRESSED   0x00000004   Data   RW         3452    .data               mc_w.l(mvars.o)
    0x20000170        -       0x00000058   Zero   RW          202    .bss                spi.o
    0x200001c8        -       0x000002d0   Zero   RW          354    .bss                usb_device.o
    0x20000498        -       0x00000200   Zero   RW          415    .bss                usbd_desc.o
    0x20000698        -       0x00000408   Zero   RW          583    .bss                usbd_conf.o
    0x20000aa0        -       0x00001200   Zero   RW            2    HEAP                startup_stm32f407xx.o
    0x20001ca0        -       0x00000800   Zero   RW            1    STACK               startup_stm32f407xx.o


==============================================================================

Image component sizes


      Code (inc. data)   RO Data    RW Data    ZI Data      Debug   Object Name

       108         10          0          0          0        903   gpio.o
       156          8          0          0          0     667328   main.o
       188         20          0          0         88       1669   spi.o
        36          8        392          0       6656        832   startup_stm32f407xx.o
       180         28          0         12          0       9369   stm32f4xx_hal.o
       198         14          0          0          0      33915   stm32f4xx_hal_cortex.o
        36          0          0          0          0       1203   stm32f4xx_hal_dma.o
       450         46          0          0          0       2384   stm32f4xx_hal_gpio.o
        48          6          0          0          0        846   stm32f4xx_hal_msp.o
      2360         14          0          0          0      13432   stm32f4xx_hal_pcd.o
        78          0          0          0          0       2377   stm32f4xx_hal_pcd_ex.o
      1276         54          0          0          0       4490   stm32f4xx_hal_rcc.o
       398          6          0          0          0       3376   stm32f4xx_hal_spi.o
        44         12          0          0          0       5040   stm32f4xx_it.o
      2582        132          0          0          0      22563   stm32f4xx_ll_usb.o
        28          6         16          4          0       1143   system_stm32f4xx.o
        84         18          0          0        720       5515   usb_device.o
       652         20          0          0       1032      16206   usbd_conf.o
       688          0          0          0          0      12301   usbd_core.o
      1256         30          0          1          0      13972   usbd_ctlreq.o
       284        100          0         78        512       6125   usbd_desc.o
       102          0          0          0          0       3772   usbd_ioreq.o
       434         16          0        162          0       9298   usbd_msc.o
       634         12          0          0          0       7425   usbd_msc_bot.o
         0          0          0         64          0        921   usbd_msc_data.o
      2184         20          0          0          0      16295   usbd_msc_scsi.o
        38          0         36         32          0       4299   usbd_storage_if.o

    ----------------------------------------------------------------------
     14552        580        476        360       9008     866999   Object Totals
         0          0         32          0          0          0   (incl. Generated)
        30          0          0          7          0          0   (incl. Padding)

    ----------------------------------------------------------------------

      Code (inc. data)   RO Data    RW Data    ZI Data      Debug   Library Member Name

        86          0          0          0          0          0   __dczerorl2.o
         0          0          0          0          0          0   entry.o
         0          0          0          0          0          0   entry10a.o
         0          0          0          0          0          0   entry11a.o
         8          4          0          0          0          0   entry2.o
         4          0          0          0          0          0   entry5.o
         0          0          0          0          0          0   entry7b.o
         0          0          0          0          0          0   entry8b.o
         8          4          0          0          0          0   entry9a.o
        30          0          0          0          0          0   handlers.o
        36          8          0          0          0         68   init.o
        30          0          0          0          0         68   llshl.o
        32          0          0          0          0         68   llushr.o
       188         20          0          0          0        160   malloc.o
        36          0          0          0          0         68   memcpya.o
        36          0          0          0          0        108   memseta.o
         0          0          0          8          0          0   mvars.o
        98          0          0          0          0         92   uldiv.o

    ----------------------------------------------------------------------
       592         36          0          8          0        632   Library Totals
         0          0          0          0          0          0   (incl. Padding)

    ----------------------------------------------------------------------

      Code (inc. data)   RO Data    RW Data    ZI Data      Debug   Library Name

       592         36          0          8          0        632   mc_w.l

    ----------------------------------------------------------------------
       592         36          0          8          0        632   Library Totals

    ----------------------------------------------------------------------

==============================================================================


      Code (inc. data)   RO Data    RW Data    ZI Data      Debug   

     15144        616        476        368       9008     849255   Grand Totals
     15144        616        476        184       9008     849255   ELF Image Totals (compressed)
     15144        616        476        184          0          0   ROM Totals

==============================================================================

    Total RO  Size (Code + RO Data)                15620 (  15.25kB)
    Total RW  Size (RW Data + ZI Data)              9376 (   9.16kB)
    Total ROM Size (Code + RO Data + RW Data)      15804 (  15.43kB)

==============================================================================

